Component: ARM Compiler 5.06 update 1 (build 61) Tool: armlink [4d35a8]

==============================================================================

Section Cross References

    main.o(i.assert_nrf_callback) refers to app_error.o(i.app_error_handler) for app_error_handler
    main.o(i.ble_evt_dispatch) refers to ble_conn_params.o(i.ble_conn_params_on_ble_evt) for ble_conn_params_on_ble_evt
    main.o(i.ble_evt_dispatch) refers to ble_nus.o(i.ble_nus_on_ble_evt) for ble_nus_on_ble_evt
    main.o(i.ble_evt_dispatch) refers to main.o(i.on_ble_evt) for on_ble_evt
    main.o(i.ble_evt_dispatch) refers to ble_advertising.o(i.ble_advertising_on_ble_evt) for ble_advertising_on_ble_evt
    main.o(i.ble_evt_dispatch) refers to bsp_btn_ble.o(i.bsp_btn_ble_on_ble_evt) for bsp_btn_ble_on_ble_evt
    main.o(i.ble_evt_dispatch) refers to main.o(.bss) for .bss
    main.o(i.ble_stack_init) refers to softdevice_handler.o(i.softdevice_handler_init) for softdevice_handler_init
    main.o(i.ble_stack_init) refers to app_error.o(i.app_error_handler_bare) for app_error_handler_bare
    main.o(i.ble_stack_init) refers to softdevice_handler.o(i.softdevice_enable_get_default_config) for softdevice_enable_get_default_config
    main.o(i.ble_stack_init) refers to softdevice_handler.o(i.sd_check_ram_start) for sd_check_ram_start
    main.o(i.ble_stack_init) refers to softdevice_handler.o(i.softdevice_enable) for softdevice_enable
    main.o(i.ble_stack_init) refers to softdevice_handler.o(i.softdevice_ble_evt_handler_set) for softdevice_ble_evt_handler_set
    main.o(i.ble_stack_init) refers to main.o(.bss) for .bss
    main.o(i.ble_stack_init) refers to main.o(i.ble_evt_dispatch) for ble_evt_dispatch
    main.o(i.bsp_event_handler) refers to main.o(i.sleep_mode_enter) for sleep_mode_enter
    main.o(i.bsp_event_handler) refers to app_error.o(i.app_error_handler_bare) for app_error_handler_bare
    main.o(i.bsp_event_handler) refers to ble_advertising.o(i.ble_advertising_restart_without_whitelist) for ble_advertising_restart_without_whitelist
    main.o(i.bsp_event_handler) refers to main.o(.data) for .data
    main.o(i.conn_params_error_handler) refers to app_error.o(i.app_error_handler_bare) for app_error_handler_bare
    main.o(i.main) refers to app_timer.o(i.app_timer_init) for app_timer_init
    main.o(i.main) refers to app_error.o(i.app_error_handler_bare) for app_error_handler_bare
    main.o(i.main) refers to app_uart_fifo.o(i.app_uart_init) for app_uart_init
    main.o(i.main) refers to main.o(i.ble_stack_init) for ble_stack_init
    main.o(i.main) refers to ble_nus.o(i.ble_nus_init) for ble_nus_init
    main.o(i.main) refers to memseta.o(.text) for __aeabi_memclr4
    main.o(i.main) refers to ble_advertising.o(i.ble_advertising_init) for ble_advertising_init
    main.o(i.main) refers to ble_conn_params.o(i.ble_conn_params_init) for ble_conn_params_init
    main.o(i.main) refers to nrf_drv_gpiote.o(i.nrf_drv_gpiote_init) for nrf_drv_gpiote_init
    main.o(i.main) refers to nrf_drv_gpiote.o(i.nrf_drv_gpiote_in_init) for nrf_drv_gpiote_in_init
    main.o(i.main) refers to nrf_drv_gpiote.o(i.nrf_drv_gpiote_in_event_enable) for nrf_drv_gpiote_in_event_enable
    main.o(i.main) refers to nrf_drv_saadc.o(i.nrf_drv_saadc_init) for nrf_drv_saadc_init
    main.o(i.main) refers to nrf_drv_saadc.o(i.nrf_drv_saadc_channel_init) for nrf_drv_saadc_channel_init
    main.o(i.main) refers to nrf_drv_saadc.o(i.nrf_drv_saadc_buffer_convert) for nrf_drv_saadc_buffer_convert
    main.o(i.main) refers to printfa.o(i.__0printf) for __2printf
    main.o(i.main) refers to main.o(i.saadc_sampling_event_init) for saadc_sampling_event_init
    main.o(i.main) refers to ble_advertising.o(i.ble_advertising_start) for ble_advertising_start
    main.o(i.main) refers to main.o(.bss) for .bss
    main.o(i.main) refers to main.o(.constdata) for .constdata
    main.o(i.main) refers to main.o(i.uart_event_handle) for uart_event_handle
    main.o(i.main) refers to main.o(i.nus_data_handler) for nus_data_handler
    main.o(i.main) refers to main.o(.data) for .data
    main.o(i.main) refers to main.o(i.on_adv_evt) for on_adv_evt
    main.o(i.main) refers to main.o(i.on_conn_params_evt) for on_conn_params_evt
    main.o(i.main) refers to main.o(i.conn_params_error_handler) for conn_params_error_handler
    main.o(i.main) refers to main.o(i.pin_int_handler) for pin_int_handler
    main.o(i.main) refers to main.o(i.saadc_event_handler) for saadc_event_handler
    main.o(i.nrf_gpio_pin_toggle) refers to main.o(i.nrf_gpio_pins_toggle) for nrf_gpio_pins_toggle
    main.o(i.nus_data_handler) refers to app_uart_fifo.o(i.app_uart_put) for app_uart_put
    main.o(i.nus_data_handler) refers to main.o(i.nrf_gpio_pin_toggle) for nrf_gpio_pin_toggle
    main.o(i.nus_data_handler) refers to main.o(i.nrf_gpio_pins_toggle) for nrf_gpio_pins_toggle
    main.o(i.on_adv_evt) refers to bsp.o(i.bsp_indication_set) for bsp_indication_set
[...]
    .ARM.Collect$$$$0000000B                 0x0001b408   Section        8  entry9a.o(.ARM.Collect$$$$0000000B)
    .ARM.Collect$$$$0000000D                 0x0001b410   Section        0  entry10a.o(.ARM.Collect$$$$0000000D)
    .ARM.Collect$$$$0000000F                 0x0001b410   Section        0  entry11a.o(.ARM.Collect$$$$0000000F)
    .ARM.Collect$$$$00002712                 0x0001b410   Section        4  entry2.o(.ARM.Collect$$$$00002712)
    __lit__00000000                          0x0001b410   Data           4  entry2.o(.ARM.Collect$$$$00002712)
    .emb_text                                0x0001b414   Section      118  app_timer.o(.emb_text)
    $v0                                      0x0001b414   Number         0  app_timer.o(.emb_text)
    .text                                    0x0001b48c   Section       36  arm_startup_nrf52.o(.text)
    $v0                                      0x0001b48c   Number         0  arm_startup_nrf52.o(.text)
    .text                                    0x0001b4b0   Section        0  memcpya.o(.text)
    .text                                    0x0001b4d4   Section        0  memseta.o(.text)
    .text                                    0x0001b4f8   Section        0  uidiv.o(.text)
    .text                                    0x0001b524   Section        0  uldiv.o(.text)
    .text                                    0x0001b586   Section        0  iusefp.o(.text)
    .text                                    0x0001b586   Section        0  dadd.o(.text)
    .text                                    0x0001b6d4   Section        0  dmul.o(.text)
    .text                                    0x0001b7b8   Section        0  ddiv.o(.text)
    .text                                    0x0001b896   Section        0  dfixul.o(.text)
    .text                                    0x0001b8c8   Section       48  cdrcmple.o(.text)
    .text                                    0x0001b8f8   Section       36  init.o(.text)
    .text                                    0x0001b91c   Section        0  llshl.o(.text)
    .text                                    0x0001b93a   Section        0  llushr.o(.text)
    .text                                    0x0001b95a   Section        0  llsshr.o(.text)
    .text                                    0x0001b97e   Section        0  depilogue.o(.text)
    i.GPIOTE_IRQHandler                      0x0001ba38   Section        0  nrf_drv_gpiote.o(i.GPIOTE_IRQHandler)
    i.NVIC_ClearPendingIRQ                   0x0001bb3c   Section        0  app_timer.o(i.NVIC_ClearPendingIRQ)
    NVIC_ClearPendingIRQ                     0x0001bb3d   Thumb Code    22  app_timer.o(i.NVIC_ClearPendingIRQ)
    i.NVIC_EnableIRQ                         0x0001bb52   Section        0  app_timer.o(i.NVIC_EnableIRQ)
    NVIC_EnableIRQ                           0x0001bb53   Thumb Code    22  app_timer.o(i.NVIC_EnableIRQ)
    i.NVIC_SetPendingIRQ                     0x0001bb68   Section        0  app_timer.o(i.NVIC_SetPendingIRQ)
    NVIC_SetPendingIRQ                       0x0001bb69   Thumb Code    22  app_timer.o(i.NVIC_SetPendingIRQ)
    i.NVIC_SetPriority                       0x0001bb7e   Section        0  app_timer.o(i.NVIC_SetPriority)
    NVIC_SetPriority                         0x0001bb7f   Thumb Code    32  app_timer.o(i.NVIC_SetPriority)
    i.RTC1_IRQHandler                        0x0001bba0   Section        0  app_timer.o(i.RTC1_IRQHandler)
    i.SAADC_IRQHandler                       0x0001bbc4   Section        0  nrf_drv_saadc.o(i.SAADC_IRQHandler)
    i.SWI0_EGU0_IRQHandler                   0x0001bd2c   Section        0  app_timer.o(i.SWI0_EGU0_IRQHandler)
    i.SWI2_EGU2_IRQHandler                   0x0001bd30   Section        0  softdevice_handler.o(i.SWI2_EGU2_IRQHandler)
    i.SystemInit                             0x0001bd54   Section        0  system_nrf52.o(i.SystemInit)
    i.TIMER1_IRQHandler                      0x0001bfb0   Section        0  nrf_drv_timer.o(i.TIMER1_IRQHandler)
    i.UARTE0_UART0_IRQHandler                0x0001bff8   Section        0  nrf_drv_uart.o(i.UARTE0_UART0_IRQHandler)
    i.__0printf                              0x0001c00c   Section        0  printfa.o(i.__0printf)
    i.__scatterload_copy                     0x0001c02c   Section       14  handlers.o(i.__scatterload_copy)
    i.__scatterload_null                     0x0001c03a   Section        2  handlers.o(i.__scatterload_null)
    i.__scatterload_zeroinit                 0x0001c03c   Section       14  handlers.o(i.__scatterload_zeroinit)
    i._fp_digits                             0x0001c04c   Section        0  printfa.o(i._fp_digits)
    _fp_digits                               0x0001c04d   Thumb Code   334  printfa.o(i._fp_digits)
    i._printf_core                           0x0001c1b0   Section        0  printfa.o(i._printf_core)
    _printf_core                             0x0001c1b1   Thumb Code  1744  printfa.o(i._printf_core)
    i._printf_post_padding                   0x0001c88c   Section        0  printfa.o(i._printf_post_padding)
    _printf_post_padding                     0x0001c88d   Thumb Code    36  printfa.o(i._printf_post_padding)
    i._printf_pre_padding                    0x0001c8b0   Section        0  printfa.o(i._printf_pre_padding)
    _printf_pre_padding                      0x0001c8b1   Thumb Code    46  printfa.o(i._printf_pre_padding)
    i.adv_data_encode                        0x0001c8de   Section        0  ble_advdata.o(i.adv_data_encode)
    i.advertising_buttons_configure          0x0001cae0   Section        0  bsp_btn_ble.o(i.advertising_buttons_configure)
    advertising_buttons_configure            0x0001cae1   Thumb Code    54  bsp_btn_ble.o(i.advertising_buttons_configure)
    i.ain_set_allocated                      0x0001cb18   Section        0  nrf_drv_saadc.o(i.ain_set_allocated)
    ain_set_allocated                        0x0001cb19   Thumb Code    24  nrf_drv_saadc.o(i.ain_set_allocated)
    i.app_error_fault_handler                0x0001cb34   Section        0  app_error.o(i.app_error_fault_handler)
    i.app_error_handler_bare                 0x0001cb58   Section        0  app_error.o(i.app_error_handler_bare)
    i.app_fifo_get                           0x0001cb6c   Section        0  app_fifo.o(i.app_fifo_get)
    i.app_fifo_init                          0x0001cb82   Section        0  app_fifo.o(i.app_fifo_init)
    i.app_fifo_put                           0x0001cba2   Section        0  app_fifo.o(i.app_fifo_put)
    i.app_timer_create                       0x0001cbbc   Section        0  app_timer.o(i.app_timer_create)
    i.app_timer_init                         0x0001cbe0   Section        0  app_timer.o(i.app_timer_init)
    i.app_timer_start                        0x0001cc70   Section        0  app_timer.o(i.app_timer_start)
    i.app_timer_stop                         0x0001ccf0   Section        0  app_timer.o(i.app_timer_stop)
    i.app_uart_get                           0x0001cd40   Section        0  app_uart_fifo.o(i.app_uart_get)
    i.app_uart_init                          0x0001cd74   Section        0  app_uart_fifo.o(i.app_uart_init)
    i.app_uart_put                           0x0001ce18   Section        0  app_uart_fifo.o(i.app_uart_put)
    i.apply_config                           0x0001ce44   Section        0  nrf_drv_uart.o(i.apply_config)
    apply_config                             0x0001ce45   Thumb Code   108  nrf_drv_uart.o(i.apply_config)
    i.are_app_channels                       0x0001cebc   Section        0  nrf_drv_ppi.o(i.are_app_channels)
    are_app_channels                         0x0001cebd   Thumb Code    14  nrf_drv_ppi.o(i.are_app_channels)
    i.ble_advdata_set                        0x0001ced0   Section        0  ble_advdata.o(i.ble_advdata_set)
    i.ble_advertising_init                   0x0001cf38   Section        0  ble_advertising.o(i.ble_advertising_init)
    i.ble_advertising_on_ble_evt             0x0001d054   Section        0  ble_advertising.o(i.ble_advertising_on_ble_evt)
    i.ble_advertising_peer_address_clear     0x0001d0d4   Section        0  ble_advertising.o(i.ble_advertising_peer_address_clear)
    ble_advertising_peer_address_clear       0x0001d0d5   Thumb Code    12  ble_advertising.o(i.ble_advertising_peer_address_clear)
    i.ble_advertising_start                  0x0001d0e4   Section        0  ble_advertising.o(i.ble_advertising_start)
    i.ble_conn_params_init                   0x0001d2bc   Section        0  ble_conn_params.o(i.ble_conn_params_init)
    i.ble_conn_params_on_ble_evt             0x0001d314   Section        0  ble_conn_params.o(i.ble_conn_params_on_ble_evt)
    i.ble_device_addr_encode                 0x0001d3a0   Section        0  ble_advdata.o(i.ble_device_addr_encode)
    ble_device_addr_encode                   0x0001d3a1   Thumb Code    94  ble_advdata.o(i.ble_device_addr_encode)
    i.ble_evt_dispatch                       0x0001d400   Section        0  main.o(i.ble_evt_dispatch)
    ble_evt_dispatch                         0x0001d401   Thumb Code    38  main.o(i.ble_evt_dispatch)
    i.ble_nus_init                           0x0001d42c   Section        0  ble_nus.o(i.ble_nus_init)
    i.ble_nus_on_ble_evt                     0x0001d490   Section        0  ble_nus.o(i.ble_nus_on_ble_evt)
    i.ble_nus_string_send                    0x0001d4e2   Section        0  ble_nus.o(i.ble_nus_string_send)
    i.ble_stack_init                         0x0001d530   Section        0  main.o(i.ble_stack_init)
    ble_stack_init                           0x0001d531   Thumb Code    80  main.o(i.ble_stack_init)
    i.bsp_btn_ble_on_ble_evt                 0x0001d58c   Section        0  bsp_btn_ble.o(i.bsp_btn_ble_on_ble_evt)
    i.bsp_btn_ble_sleep_mode_prepare         0x0001d5fc   Section        0  bsp_btn_ble.o(i.bsp_btn_ble_sleep_mode_prepare)
    i.bsp_button_event_handler               0x0001d610   Section        0  bsp.o(i.bsp_button_event_handler)
    bsp_button_event_handler                 0x0001d611   Thumb Code   154  bsp.o(i.bsp_button_event_handler)
    i.bsp_event_to_button_action_assign      0x0001d6b8   Section        0  bsp.o(i.bsp_event_to_button_action_assign)
    i.bsp_indication_set                     0x0001d6fc   Section        0  bsp.o(i.bsp_indication_set)
    i.bsp_led_indication                     0x0001d714   Section        0  bsp.o(i.bsp_led_indication)
    bsp_led_indication                       0x0001d715   Thumb Code   536  bsp.o(i.bsp_led_indication)
    i.bsp_wakeup_buttons_set                 0x0001d938   Section        0  bsp.o(i.bsp_wakeup_buttons_set)
    i.channel_free                           0x0001d974   Section        0  nrf_drv_gpiote.o(i.channel_free)
    channel_free                             0x0001d975   Thumb Code    22  nrf_drv_gpiote.o(i.channel_free)
    i.channel_port_alloc                     0x0001d990   Section        0  nrf_drv_gpiote.o(i.channel_port_alloc)
    channel_port_alloc                       0x0001d991   Thumb Code    66  nrf_drv_gpiote.o(i.channel_port_alloc)
    i.channel_port_get                       0x0001d9d8   Section        0  nrf_drv_gpiote.o(i.channel_port_get)
    channel_port_get                         0x0001d9d9   Thumb Code    10  nrf_drv_gpiote.o(i.channel_port_get)
    i.compare_reg_update                     0x0001d9e8   Section        0  app_timer.o(i.compare_reg_update)
    compare_reg_update                       0x0001d9e9   Thumb Code   160  app_timer.o(i.compare_reg_update)
    i.conn_int_encode                        0x0001da94   Section        0  ble_advdata.o(i.conn_int_encode)
    conn_int_encode                          0x0001da95   Thumb Code   136  ble_advdata.o(i.conn_int_encode)
    i.conn_params_error_handler              0x0001db1c   Section        0  main.o(i.conn_params_error_handler)
    conn_params_error_handler                0x0001db1d   Thumb Code     4  main.o(i.conn_params_error_handler)
    i.conn_params_negotiation                0x0001db20   Section        0  ble_conn_params.o(i.conn_params_negotiation)
    conn_params_negotiation                  0x0001db21   Thumb Code    78  ble_conn_params.o(i.conn_params_negotiation)
    i.current_int_priority_get               0x0001db7c   Section        0  nrf_drv_ppi.o(i.current_int_priority_get)
    current_int_priority_get                 0x0001db7d   Thumb Code    48  nrf_drv_ppi.o(i.current_int_priority_get)
    i.elapsed_ticks_acquire                  0x0001dbb0   Section        0  app_timer.o(i.elapsed_ticks_acquire)
    elapsed_ticks_acquire                    0x0001dbb1   Thumb Code    58  app_timer.o(i.elapsed_ticks_acquire)
    i.fifo_get                               0x0001dbf0   Section        0  app_fifo.o(i.fifo_get)
    fifo_get                                 0x0001dbf1   Thumb Code    20  app_fifo.o(i.fifo_get)
    i.fifo_put                               0x0001dc04   Section        0  app_fifo.o(i.fifo_put)
    fifo_put                                 0x0001dc05   Thumb Code    18  app_fifo.o(i.fifo_put)
    i.fputc                                  0x0001dc16   Section        0  retarget.o(i.fputc)
    i.input_is_ain                           0x0001dc24   Section        0  nrf_drv_saadc.o(i.input_is_ain)
    input_is_ain                             0x0001dc25   Thumb Code    14  nrf_drv_saadc.o(i.input_is_ain)
    i.input_is_allocated                     0x0001dc34   Section        0  nrf_drv_saadc.o(i.input_is_allocated)
    input_is_allocated                       0x0001dc35   Thumb Code    34  nrf_drv_saadc.o(i.input_is_allocated)
    i.intern_softdevice_events_execute       0x0001dc5c   Section        0  softdevice_handler.o(i.intern_softdevice_events_execute)
    i.is_allocated_channel                   0x0001dccc   Section        0  nrf_drv_ppi.o(i.is_allocated_channel)
    is_allocated_channel                     0x0001dccd   Thumb Code    20  nrf_drv_ppi.o(i.is_allocated_channel)
    i.is_app_channel                         0x0001dce4   Section        0  nrf_drv_ppi.o(i.is_app_channel)
    is_app_channel                           0x0001dce5   Thumb Code    10  nrf_drv_ppi.o(i.is_app_channel)
    i.is_conn_params_ok                      0x0001dcf0   Section        0  ble_conn_params.o(i.is_conn_params_ok)
    is_conn_params_ok                        0x0001dcf1   Thumb Code    24  ble_conn_params.o(i.is_conn_params_ok)
    i.is_programmable_app_channel            0x0001dd0c   Section        0  nrf_drv_ppi.o(i.is_programmable_app_channel)
    is_programmable_app_channel              0x0001dd0d   Thumb Code    18  nrf_drv_ppi.o(i.is_programmable_app_channel)
    i.le_role_encode                         0x0001dd24   Section        0  ble_advdata.o(i.le_role_encode)
    le_role_encode                           0x0001dd25   Thumb Code    84  ble_advdata.o(i.le_role_encode)
    i.list_deletions_handler                 0x0001dd78   Section        0  app_timer.o(i.list_deletions_handler)
    list_deletions_handler                   0x0001dd79   Thumb Code   178  app_timer.o(i.list_deletions_handler)
    i.list_insertions_handler                0x0001de34   Section        0  app_timer.o(i.list_insertions_handler)
    list_insertions_handler                  0x0001de35   Thumb Code   196  app_timer.o(i.list_insertions_handler)
    i.main                                   0x0001df00   Section        0  main.o(i.main)
    i.manuf_specific_data_encode             0x0001e114   Section        0  ble_advdata.o(i.manuf_specific_data_encode)
    manuf_specific_data_encode               0x0001e115   Thumb Code   100  ble_advdata.o(i.manuf_specific_data_encode)
    i.name_encode                            0x0001e178   Section        0  ble_advdata.o(i.name_encode)
    name_encode                              0x0001e179   Thumb Code   156  ble_advdata.o(i.name_encode)
    i.nrf_drv_common_irq_enable              0x0001e214   Section        0  nrf_drv_common.o(i.nrf_drv_common_irq_enable)
    i.nrf_drv_gpiote_in_event_enable         0x0001e24c   Section        0  nrf_drv_gpiote.o(i.nrf_drv_gpiote_in_event_enable)
    i.nrf_drv_gpiote_in_init                 0x0001e2f0   Section        0  nrf_drv_gpiote.o(i.nrf_drv_gpiote_in_init)
    i.nrf_drv_gpiote_init                    0x0001e3a8   Section        0  nrf_drv_gpiote.o(i.nrf_drv_gpiote_init)
    i.nrf_drv_ppi_channel_alloc              0x0001e3fc   Section        0  nrf_drv_ppi.o(i.nrf_drv_ppi_channel_alloc)
    i.nrf_drv_ppi_channel_assign             0x0001e484   Section        0  nrf_drv_ppi.o(i.nrf_drv_ppi_channel_assign)
    i.nrf_drv_ppi_channel_disable            0x0001e4c0   Section        0  nrf_drv_ppi.o(i.nrf_drv_ppi_channel_disable)
    i.nrf_drv_ppi_channel_enable             0x0001e4f4   Section        0  nrf_drv_ppi.o(i.nrf_drv_ppi_channel_enable)
    i.nrf_drv_ppi_init                       0x0001e528   Section        0  nrf_drv_ppi.o(i.nrf_drv_ppi_init)
    i.nrf_drv_saadc_buffer_convert           0x0001e540   Section        0  nrf_drv_saadc.o(i.nrf_drv_saadc_buffer_convert)
    i.nrf_drv_saadc_channel_init             0x0001e620   Section        0  nrf_drv_saadc.o(i.nrf_drv_saadc_channel_init)
    i.nrf_drv_saadc_init                     0x0001e6a4   Section        0  nrf_drv_saadc.o(i.nrf_drv_saadc_init)
    i.nrf_drv_timer_compare                  0x0001e700   Section        0  nrf_drv_timer.o(i.nrf_drv_timer_compare)
    i.nrf_drv_timer_enable                   0x0001e724   Section        0  nrf_drv_timer.o(i.nrf_drv_timer_enable)
    i.nrf_drv_timer_extended_compare         0x0001e740   Section        0  nrf_drv_timer.o(i.nrf_drv_timer_extended_compare)
    i.nrf_drv_timer_init                     0x0001e76c   Section        0  nrf_drv_timer.o(i.nrf_drv_timer_init)
    i.nrf_drv_uart_init                      0x0001e80c   Section        0  nrf_drv_uart.o(i.nrf_drv_uart_init)
    i.nrf_drv_uart_rx                        0x0001e8a0   Section        0  nrf_drv_uart.o(i.nrf_drv_uart_rx)
    i.nrf_drv_uart_rx_enable                 0x0001e92c   Section        0  nrf_drv_uart.o(i.nrf_drv_uart_rx_enable)
    i.nrf_drv_uart_rx_for_uart               0x0001e94c   Section        0  nrf_drv_uart.o(i.nrf_drv_uart_rx_for_uart)
    nrf_drv_uart_rx_for_uart                 0x0001e94d   Thumb Code   148  nrf_drv_uart.o(i.nrf_drv_uart_rx_for_uart)
    i.nrf_drv_uart_rx_for_uarte              0x0001e9e8   Section        0  nrf_drv_uart.o(i.nrf_drv_uart_rx_for_uarte)
    nrf_drv_uart_rx_for_uarte                0x0001e9e9   Thumb Code   136  nrf_drv_uart.o(i.nrf_drv_uart_rx_for_uarte)
    i.nrf_drv_uart_tx                        0x0001ea78   Section        0  nrf_drv_uart.o(i.nrf_drv_uart_tx)
    i.nrf_drv_uart_tx_for_uart               0x0001eb00   Section        0  nrf_drv_uart.o(i.nrf_drv_uart_tx_for_uart)
    nrf_drv_uart_tx_for_uart                 0x0001eb01   Thumb Code   118  nrf_drv_uart.o(i.nrf_drv_uart_tx_for_uart)
    i.nrf_gpio_cfg                           0x0001eb80   Section        0  nrf_drv_gpiote.o(i.nrf_gpio_cfg)
    nrf_gpio_cfg                             0x0001eb81   Thumb Code    34  nrf_drv_gpiote.o(i.nrf_gpio_cfg)
    i.nrf_gpio_cfg                           0x0001eba2   Section        0  nrf_drv_uart.o(i.nrf_gpio_cfg)
    nrf_gpio_cfg                             0x0001eba3   Thumb Code    34  nrf_drv_uart.o(i.nrf_gpio_cfg)
    i.nrf_gpio_cfg_input                     0x0001ebc4   Section        0  nrf_drv_uart.o(i.nrf_gpio_cfg_input)
    nrf_gpio_cfg_input                       0x0001ebc5   Thumb Code    18  nrf_drv_uart.o(i.nrf_gpio_cfg_input)
    i.nrf_gpio_cfg_output                    0x0001ebd6   Section        0  nrf_drv_uart.o(i.nrf_gpio_cfg_output)
    nrf_gpio_cfg_output                      0x0001ebd7   Thumb Code    20  nrf_drv_uart.o(i.nrf_gpio_cfg_output)
    i.nrf_gpio_cfg_sense_set                 0x0001ebea   Section        0  nrf_drv_gpiote.o(i.nrf_gpio_cfg_sense_set)
    nrf_gpio_cfg_sense_set                   0x0001ebeb   Thumb Code    28  nrf_drv_gpiote.o(i.nrf_gpio_cfg_sense_set)
    i.nrf_gpio_pin_toggle                    0x0001ec06   Section        0  main.o(i.nrf_gpio_pin_toggle)
    nrf_gpio_pin_toggle                      0x0001ec07   Thumb Code    10  main.o(i.nrf_gpio_pin_toggle)
    i.nrf_gpio_pins_toggle                   0x0001ec10   Section        0  main.o(i.nrf_gpio_pins_toggle)
    nrf_gpio_pins_toggle                     0x0001ec11   Thumb Code    22  main.o(i.nrf_gpio_pins_toggle)
    i.nrf_gpiote_event_clear                 0x0001ec2c   Section        0  nrf_drv_gpiote.o(i.nrf_gpiote_event_clear)
    nrf_gpiote_event_clear                   0x0001ec2d   Thumb Code    16  nrf_drv_gpiote.o(i.nrf_gpiote_event_clear)
    i.nrf_gpiote_event_is_set                0x0001ec40   Section        0  nrf_drv_gpiote.o(i.nrf_gpiote_event_is_set)
    nrf_gpiote_event_is_set                  0x0001ec41   Thumb Code    12  nrf_drv_gpiote.o(i.nrf_gpiote_event_is_set)
    i.nrf_saadc_buffer_init                  0x0001ec50   Section        0  nrf_drv_saadc.o(i.nrf_saadc_buffer_init)
    nrf_saadc_buffer_init                    0x0001ec51   Thumb Code    10  nrf_drv_saadc.o(i.nrf_saadc_buffer_init)
    i.nrf_saadc_channel_init                 0x0001ec60   Section        0  nrf_saadc.o(i.nrf_saadc_channel_init)
    i.nrf_saadc_channel_input_set            0x0001ecc0   Section        0  nrf_drv_saadc.o(i.nrf_saadc_channel_input_set)
    nrf_saadc_channel_input_set              0x0001ecc1   Thumb Code    16  nrf_drv_saadc.o(i.nrf_saadc_channel_input_set)
    i.nrf_saadc_event_check                  0x0001ecd4   Section        0  nrf_drv_saadc.o(i.nrf_saadc_event_check)
    nrf_saadc_event_check                    0x0001ecd5   Thumb Code    12  nrf_drv_saadc.o(i.nrf_saadc_event_check)
    i.nrf_uart_event_check                   0x0001ece4   Section        0  nrf_drv_uart.o(i.nrf_uart_event_check)
    nrf_uart_event_check                     0x0001ece5   Thumb Code    10  nrf_drv_uart.o(i.nrf_uart_event_check)
    i.nrf_uart_int_enable_check              0x0001ecee   Section        0  nrf_drv_uart.o(i.nrf_uart_int_enable_check)
    nrf_uart_int_enable_check                0x0001ecef   Thumb Code    12  nrf_drv_uart.o(i.nrf_uart_int_enable_check)
    i.nrf_uarte_event_check                  0x0001ecfa   Section        0  nrf_drv_uart.o(i.nrf_uarte_event_check)
    nrf_uarte_event_check                    0x0001ecfb   Thumb Code    10  nrf_drv_uart.o(i.nrf_uarte_event_check)
    i.nus_data_handler                       0x0001ed04   Section        0  main.o(i.nus_data_handler)
    nus_data_handler                         0x0001ed05   Thumb Code   106  main.o(i.nus_data_handler)
    i.on_adv_evt                             0x0001ed6e   Section        0  main.o(i.on_adv_evt)
    on_adv_evt                               0x0001ed6f   Thumb Code    36  main.o(i.on_adv_evt)
    i.on_ble_evt                             0x0001ed94   Section        0  main.o(i.on_ble_evt)
    on_ble_evt                               0x0001ed95   Thumb Code   102  main.o(i.on_ble_evt)
    i.on_conn_params_evt                     0x0001ee00   Section        0  main.o(i.on_conn_params_evt)
    on_conn_params_evt                       0x0001ee01   Thumb Code    24  main.o(i.on_conn_params_evt)
    i.peer_address_exists                    0x0001ee1c   Section        0  ble_advertising.o(i.peer_address_exists)
    peer_address_exists                      0x0001ee1d   Thumb Code    20  ble_advertising.o(i.peer_address_exists)
    i.pin_in_use_by_port                     0x0001ee30   Section        0  nrf_drv_gpiote.o(i.pin_in_use_by_port)
    pin_in_use_by_port                       0x0001ee31   Thumb Code    20  nrf_drv_gpiote.o(i.pin_in_use_by_port)
    i.pin_in_use_by_te                       0x0001ee48   Section        0  nrf_drv_gpiote.o(i.pin_in_use_by_te)
    pin_in_use_by_te                         0x0001ee49   Thumb Code    20  nrf_drv_gpiote.o(i.pin_in_use_by_te)
    i.pin_int_handler                        0x0001ee60   Section        0  main.o(i.pin_int_handler)
    i.pstorage_access_status_get             0x0001eea0   Section        0  pstorage.o(i.pstorage_access_status_get)
    i.rtc1_stop                              0x0001eec4   Section        0  app_timer.o(i.rtc1_stop)
    rtc1_stop                                0x0001eec5   Thumb Code    52  app_timer.o(i.rtc1_stop)
    i.rx_byte                                0x0001ef00   Section        0  nrf_drv_uart.o(i.rx_byte)
    rx_byte                                  0x0001ef01   Thumb Code    38  nrf_drv_uart.o(i.rx_byte)
    i.rx_char_add                            0x0001ef30   Section        0  ble_nus.o(i.rx_char_add)
    rx_char_add                              0x0001ef31   Thumb Code   220  ble_nus.o(i.rx_char_add)
    i.rx_done_event                          0x0001f00c   Section        0  nrf_drv_uart.o(i.rx_done_event)
    rx_done_event                            0x0001f00d   Thumb Code    26  nrf_drv_uart.o(i.rx_done_event)
    i.rx_enable                              0x0001f02c   Section        0  nrf_drv_uart.o(i.rx_enable)
    rx_enable                                0x0001f02d   Thumb Code    18  nrf_drv_uart.o(i.rx_enable)
    i.saadc_event_handler                    0x0001f044   Section        0  main.o(i.saadc_event_handler)
    i.saadc_sampling_event_disable           0x0001f078   Section        0  main.o(i.saadc_sampling_event_disable)
    i.saadc_sampling_event_enable            0x0001f094   Section        0  main.o(i.saadc_sampling_event_enable)
    i.saadc_sampling_event_init              0x0001f0b0   Section        0  main.o(i.saadc_sampling_event_init)
    i.sd_check_ram_start                     0x0001f13c   Section        0  softdevice_handler.o(i.sd_check_ram_start)
    i.service_data_encode                    0x0001f14c   Section        0  ble_advdata.o(i.service_data_encode)
    service_data_encode                      0x0001f14d   Thumb Code   136  ble_advdata.o(i.service_data_encode)
    i.sleep_mode_enter                       0x0001f1d4   Section        0  main.o(i.sleep_mode_enter)
    sleep_mode_enter                         0x0001f1d5   Thumb Code    40  main.o(i.sleep_mode_enter)
    i.softdevice_ble_evt_handler_set         0x0001f1fc   Section        0  softdevice_handler.o(i.softdevice_ble_evt_handler_set)
    i.softdevice_enable                      0x0001f210   Section        0  softdevice_handler.o(i.softdevice_enable)
    i.softdevice_enable_get_default_config   0x0001f224   Section        0  softdevice_handler.o(i.softdevice_enable_get_default_config)
    i.softdevice_fault_handler               0x0001f24a   Section        0  softdevice_handler.o(i.softdevice_fault_handler)
    i.softdevice_handler_init                0x0001f250   Section        0  softdevice_handler.o(i.softdevice_handler_init)
    i.timer_handler                          0x0001f280   Section        0  main.o(i.timer_handler)
    i.timer_list_handler                     0x0001f284   Section        0  app_timer.o(i.timer_list_handler)
    timer_list_handler                       0x0001f285   Thumb Code   134  app_timer.o(i.timer_list_handler)
    i.timer_list_insert                      0x0001f310   Section        0  app_timer.o(i.timer_list_insert)
    timer_list_insert                        0x0001f311   Thumb Code    56  app_timer.o(i.timer_list_insert)
    i.timer_timeouts_check                   0x0001f34c   Section        0  app_timer.o(i.timer_timeouts_check)
    timer_timeouts_check                     0x0001f34d   Thumb Code   124  app_timer.o(i.timer_timeouts_check)
    i.tx_byte                                0x0001f3d0   Section        0  nrf_drv_uart.o(i.tx_byte)
    tx_byte                                  0x0001f3d1   Thumb Code    28  nrf_drv_uart.o(i.tx_byte)
    i.tx_char_add                            0x0001f3f4   Section        0  ble_nus.o(i.tx_char_add)
    tx_char_add                              0x0001f3f5   Thumb Code   160  ble_nus.o(i.tx_char_add)
    i.tx_done_event                          0x0001f494   Section        0  nrf_drv_uart.o(i.tx_done_event)
    tx_done_event                            0x0001f495   Thumb Code    30  nrf_drv_uart.o(i.tx_done_event)
    i.uart_event_handle                      0x0001f4b8   Section        0  main.o(i.uart_event_handle)
    i.uart_event_handler                     0x0001f514   Section        0  app_uart_fifo.o(i.uart_event_handler)
    uart_event_handler                       0x0001f515   Thumb Code   160  app_uart_fifo.o(i.uart_event_handler)
    i.uart_irq_handler                       0x0001f5bc   Section        0  nrf_drv_uart.o(i.uart_irq_handler)
    uart_irq_handler                         0x0001f5bd   Thumb Code   254  nrf_drv_uart.o(i.uart_irq_handler)
    i.uarte_irq_handler                      0x0001f6c4   Section        0  nrf_drv_uart.o(i.uarte_irq_handler)
    uarte_irq_handler                        0x0001f6c5   Thumb Code   206  nrf_drv_uart.o(i.uarte_irq_handler)
    i.uint16_encode                          0x0001f79c   Section        0  ble_advdata.o(i.uint16_encode)
    uint16_encode                            0x0001f79d   Thumb Code    10  ble_advdata.o(i.uint16_encode)
    i.update_timeout_handler                 0x0001f7a8   Section        0  ble_conn_params.o(i.update_timeout_handler)
    update_timeout_handler                   0x0001f7a9   Thumb Code    88  ble_conn_params.o(i.update_timeout_handler)
    i.user_id_get                            0x0001f808   Section        0  app_timer.o(i.user_id_get)
    user_id_get                              0x0001f809   Thumb Code    62  app_timer.o(i.user_id_get)
    i.user_op_alloc                          0x0001f84c   Section        0  app_timer.o(i.user_op_alloc)
    user_op_alloc                            0x0001f84d   Thumb Code    40  app_timer.o(i.user_op_alloc)
    i.uuid_list_encode                       0x0001f874   Section        0  ble_advdata.o(i.uuid_list_encode)
    uuid_list_encode                         0x0001f875   Thumb Code    48  ble_advdata.o(i.uuid_list_encode)
    i.uuid_list_sized_encode                 0x0001f8a4   Section        0  ble_advdata.o(i.uuid_list_sized_encode)
    uuid_list_sized_encode                   0x0001f8a5   Thumb Code   158  ble_advdata.o(i.uuid_list_sized_encode)
    i.whitelist_has_entries                  0x0001f942   Section        0  ble_advertising.o(i.whitelist_has_entries)
    whitelist_has_entries                    0x0001f943   Thumb Code    14  ble_advertising.o(i.whitelist_has_entries)
    .constdata                               0x0001f950   Section       44  main.o(.constdata)
    m_timer                                  0x0001f958   Data           8  main.o(.constdata)
    .constdata                               0x0001f97c   Section       60  bsp.o(.constdata)
    m_leds_timer_id                          0x0001f97c   Data           4  bsp.o(.constdata)
    m_alert_timer_id                         0x0001f980   Data           4  bsp.o(.constdata)
    m_button_timer_id                        0x0001f984   Data           4  bsp.o(.constdata)
    m_buttons_list                           0x0001f988   Data          16  bsp.o(.constdata)
    app_buttons                              0x0001f998   Data          32  bsp.o(.constdata)
    .constdata                               0x0001f9b8   Section        4  ble_conn_params.o(.constdata)
    m_conn_params_timer_id                   0x0001f9b8   Data           4  ble_conn_params.o(.constdata)
    .constdata                               0x0001f9bc   Section       16  ble_nus.o(.constdata)
    .constdata                               0x0001f9cc   Section       32  app_uart_fifo.o(.constdata)
    .constdata                               0x0001f9ec   Section       32  nrf_drv_uart.o(.constdata)
    m_default_config                         0x0001f9ec   Data          32  nrf_drv_uart.o(.constdata)
    .constdata                               0x0001fa0c   Section        8  nrf_drv_timer.o(.constdata)
    m_default_config                         0x0001fa0c   Data           8  nrf_drv_timer.o(.constdata)
    .data                                    0x20001f00   Section       10  main.o(.data)
    index                                    0x20001f00   Data           1  main.o(.data)
    m_ppi_channel                            0x20001f01   Data           1  main.o(.data)
    m_conn_handle                            0x20001f02   Data           2  main.o(.data)
    adc_buf                                  0x20001f04   Data           2  main.o(.data)
    m_adv_uuids                              0x20001f06   Data           4  main.o(.data)
    .data                                    0x20001f0c   Section       24  bsp.o(.data)
    m_stable_state                           0x20001f0c   Data           1  bsp.o(.data)
    current_long_push_pin_no                 0x20001f0d   Data           1  bsp.o(.data)
    m_app_ticks_per_100ms                    0x20001f10   Data           4  bsp.o(.data)
    m_indication_type                        0x20001f14   Data           4  bsp.o(.data)
    m_alert_mask                             0x20001f18   Data           4  bsp.o(.data)
    m_registered_callback                    0x20001f1c   Data           4  bsp.o(.data)
    release_event_at_push                    0x20001f20   Data           4  bsp.o(.data)
    .data                                    0x20001f24   Section        8  bsp_btn_ble.o(.data)
    m_error_handler                          0x20001f24   Data           4  bsp_btn_ble.o(.data)
    m_num_connections                        0x20001f28   Data           4  bsp_btn_ble.o(.data)
    .data                                    0x20001f2c   Section       31  ble_advertising.o(.data)
    m_advertising_start_pending              0x20001f2c   Data           1  ble_advertising.o(.data)
    m_whitelist_temporarily_disabled         0x20001f2d   Data           1  ble_advertising.o(.data)
    m_whitelist_reply_expected               0x20001f2e   Data           1  ble_advertising.o(.data)
    m_peer_addr_reply_expected               0x20001f2f   Data           1  ble_advertising.o(.data)
    m_adv_evt                                0x20001f30   Data           1  ble_advertising.o(.data)
    m_adv_mode_current                       0x20001f31   Data           1  ble_advertising.o(.data)
    m_tx_power_level                         0x20001f32   Data           1  ble_advertising.o(.data)
    current_slave_link_conn_handle           0x20001f34   Data           2  ble_advertising.o(.data)
    m_evt_handler                            0x20001f38   Data           4  ble_advertising.o(.data)
    m_error_handler                          0x20001f3c   Data           4  ble_advertising.o(.data)
    m_slave_conn_int                         0x20001f40   Data           4  ble_advertising.o(.data)
    m_peer_address                           0x20001f44   Data           7  ble_advertising.o(.data)
    .data                                    0x20001f4c   Section       20  ble_conn_params.o(.data)
    m_change_param                           0x20001f4c   Data           1  ble_conn_params.o(.data)
    m_update_count                           0x20001f4d   Data           1  ble_conn_params.o(.data)
    m_conn_handle                            0x20001f4e   Data           2  ble_conn_params.o(.data)
    m_preferred_conn_params                  0x20001f50   Data           8  ble_conn_params.o(.data)
    m_current_conn_params                    0x20001f58   Data           8  ble_conn_params.o(.data)
    .data                                    0x20001f60   Section        8  app_uart_fifo.o(.data)
    tx_buffer                                0x20001f60   Data           1  app_uart_fifo.o(.data)
    tx_tmp                                   0x20001f61   Data           1  app_uart_fifo.o(.data)
    rx_buffer                                0x20001f62   Data           1  app_uart_fifo.o(.data)
    m_event_handler                          0x20001f64   Data           4  app_uart_fifo.o(.data)
    .data                                    0x20001f68   Section       36  pstorage.o(.data)
    m_state                                  0x20001f68   Data           1  pstorage.o(.data)
    m_swap_sub_state                         0x20001f69   Data           1  pstorage.o(.data)
    m_next_app_instance                      0x20001f6a   Data           2  pstorage.o(.data)
    m_flags                                  0x20001f6c   Data           4  pstorage.o(.data)
    m_next_page_addr                         0x20001f70   Data           4  pstorage.o(.data)
    m_head_word_size                         0x20001f74   Data           4  pstorage.o(.data)
    m_tail_word_size                         0x20001f78   Data           4  pstorage.o(.data)
    m_current_page_id                        0x20001f7c   Data           4  pstorage.o(.data)
    m_num_of_command_retries                 0x20001f80   Data           4  pstorage.o(.data)
    m_num_of_bytes_written                   0x20001f84   Data           4  pstorage.o(.data)
    m_app_data_size                          0x20001f88   Data           4  pstorage.o(.data)
    .data                                    0x20001f8c   Section        8  nrf_drv_ppi.o(.data)
    m_drv_state                              0x20001f8c   Data           1  nrf_drv_ppi.o(.data)
    m_groups_allocated                       0x20001f8d   Data           1  nrf_drv_ppi.o(.data)
    m_channels_allocated                     0x20001f90   Data           4  nrf_drv_ppi.o(.data)
    .data                                    0x20001f94   Section       32  app_timer.o(.data)
    m_user_array_size                        0x20001f94   Data           1  app_timer.o(.data)
    m_ticks_elapsed_q_read_ind               0x20001f95   Data           1  app_timer.o(.data)
    m_ticks_elapsed_q_write_ind              0x20001f96   Data           1  app_timer.o(.data)
    m_rtc1_running                           0x20001f97   Data           1  app_timer.o(.data)
    m_rtc1_reset                             0x20001f98   Data           1  app_timer.o(.data)
    mp_users                                 0x20001f9c   Data           4  app_timer.o(.data)
    mp_timer_id_head                         0x20001fa0   Data           4  app_timer.o(.data)
    m_ticks_latest                           0x20001fa4   Data           4  app_timer.o(.data)
    m_evt_schedule_func                      0x20001fa8   Data           4  app_timer.o(.data)
    m_ticks_elapsed                          0x20001fac   Data           8  app_timer.o(.data)
    .data                                    0x20001fb4   Section        4  retarget.o(.data)
    .data                                    0x20001fb8   Section       20  softdevice_handler.o(.data)
    m_softdevice_enabled                     0x20001fb8   Data           1  softdevice_handler.o(.data)
    m_ble_evt_buffer_size                    0x20001fba   Data           2  softdevice_handler.o(.data)
    m_evt_schedule_func                      0x20001fbc   Data           4  softdevice_handler.o(.data)
    mp_ble_evt_buffer                        0x20001fc0   Data           4  softdevice_handler.o(.data)
    m_ble_evt_handler                        0x20001fc4   Data           4  softdevice_handler.o(.data)
    m_sys_evt_handler                        0x20001fc8   Data           4  softdevice_handler.o(.data)
    .data                                    0x20001fcc   Section        4  system_nrf52.o(.data)
    __tagsym$$used                           0x20001fcc   Number         0  system_nrf52.o(.data)
    .bss                                     0x20001fd0   Section     1088  main.o(.bss)
    BLE_EVT_BUFFER                           0x20001fd0   Data          72  main.o(.bss)
    data_array                               0x20002018   Data          20  main.o(.bss)
    rx_buf                                   0x2000202c   Data         256  main.o(.bss)
    tx_buf                                   0x2000212c   Data         256  main.o(.bss)
    APP_TIMER_BUF                            0x2000222c   Data         456  main.o(.bss)
    m_nus                                    0x200023f4   Data          28  main.o(.bss)
    .bss                                     0x20002410   Section       32  bsp.o(.bss)
    m_leds_timer_id_data                     0x20002410   Data          32  bsp.o(.bss)
    .bss                                     0x20002430   Section       32  bsp.o(.bss)
    m_alert_timer_id_data                    0x20002430   Data          32  bsp.o(.bss)
    .bss                                     0x20002450   Section       12  bsp.o(.bss)
    m_events_list                            0x20002450   Data          12  bsp.o(.bss)
    .bss                                     0x2000245c   Section       32  bsp.o(.bss)
    m_button_timer_id_data                   0x2000245c   Data          32  bsp.o(.bss)
    .bss                                     0x2000247c   Section      259  ble_advertising.o(.bss)
    m_advdata                                0x2000247c   Data          56  ble_advertising.o(.bss)
    m_adv_modes_config                       0x200024b4   Data          36  ble_advertising.o(.bss)
    m_whitelist                              0x200024d8   Data          16  ble_advertising.o(.bss)
    mp_whitelist_addr                        0x200024e8   Data          32  ble_advertising.o(.bss)
    mp_whitelist_irk                         0x20002508   Data          32  ble_advertising.o(.bss)
    m_manuf_specific_data                    0x20002528   Data          12  ble_advertising.o(.bss)
    m_manuf_data_array                       0x20002534   Data          31  ble_advertising.o(.bss)
    m_service_data                           0x20002554   Data          12  ble_advertising.o(.bss)
    m_service_data_array                     0x20002560   Data          31  ble_advertising.o(.bss)
    .bss                                     0x20002580   Section       32  ble_conn_params.o(.bss)
    m_conn_params_timer_id_data              0x20002580   Data          32  ble_conn_params.o(.bss)
    .bss                                     0x200025a0   Section       28  ble_conn_params.o(.bss)
    m_conn_params_config                     0x200025a0   Data          28  ble_conn_params.o(.bss)
    .bss                                     0x200025bc   Section       32  app_uart_fifo.o(.bss)
    m_rx_fifo                                0x200025bc   Data          16  app_uart_fifo.o(.bss)
    m_tx_fifo                                0x200025cc   Data          16  app_uart_fifo.o(.bss)
    .bss                                     0x200025dc   Section       88  nrf_drv_gpiote.o(.bss)
    m_cb                                     0x200025dc   Data          88  nrf_drv_gpiote.o(.bss)
    .bss                                     0x20002634   Section       32  nrf_drv_uart.o(.bss)
    m_cb                                     0x20002634   Data          32  nrf_drv_uart.o(.bss)
    .bss                                     0x20002654   Section      216  pstorage.o(.bss)
    m_cmd_queue                              0x20002654   Data         204  pstorage.o(.bss)
    m_app_table                              0x20002720   Data          12  pstorage.o(.bss)
    .bss                                     0x2000272c   Section       44  nrf_drv_saadc.o(.bss)
    m_cb                                     0x2000272c   Data          44  nrf_drv_saadc.o(.bss)
    .bss                                     0x20002758   Section       12  nrf_drv_timer.o(.bss)
    m_cb                                     0x20002758   Data          12  nrf_drv_timer.o(.bss)
    STACK                                    0x20002768   Section     8192  arm_startup_nrf52.o(STACK)

    Global Symbols

    Symbol Name                              Value     Ov Type        Size  Object(Section)

    BuildAttributes$$THM_ISAv4$E$P$D$K$B$S$7EM$VFPi3$EXTD16$VFPS$VFMA$PE$A:L22UL41UL21$X:L11$S22US41US21$IEEE1$IW$USESV6$~STKCKD$USESV7$~SHL$OSPACE$ROPI$EBA8$MICROLIB$REQ8$PRES8$EABIv2 0x00000000   Number         0  anon$$obj.o ABSOLUTE
    __ARM_use_no_argv                        0x00000000   Number         0  main.o ABSOLUTE
    _printf_a                                0x00000000   Number         0  stubs.o ABSOLUTE
    _printf_c                                0x00000000   Number         0  stubs.o ABSOLUTE
    _printf_charcount                        0x00000000   Number         0  stubs.o ABSOLUTE
    _printf_d                                0x00000000   Number         0  stubs.o ABSOLUTE
    _printf_e                                0x00000000   Number         0  stubs.o ABSOLUTE
    _printf_f                                0x00000000   Number         0  stubs.o ABSOLUTE
    _printf_flags                            0x00000000   Number         0  stubs.o ABSOLUTE
    _printf_fp_dec                           0x00000000   Number         0  stubs.o ABSOLUTE
    _printf_fp_hex                           0x00000000   Number         0  stubs.o ABSOLUTE
    _printf_g                                0x00000000   Number         0  stubs.o ABSOLUTE
    _printf_i                                0x00000000   Number         0  stubs.o ABSOLUTE
    _printf_int_dec                          0x00000000   Number         0  stubs.o ABSOLUTE
    _printf_l                                0x00000000   Number         0  stubs.o ABSOLUTE
    _printf_lc                               0x00000000   Number         0  stubs.o ABSOLUTE
    _printf_ll                               0x00000000   Number         0  stubs.o ABSOLUTE
    _printf_lld                              0x00000000   Number         0  stubs.o ABSOLUTE
    _printf_lli                              0x00000000   Number         0  stubs.o ABSOLUTE
    _printf_llo                              0x00000000   Number         0  stubs.o ABSOLUTE
    _printf_llu                              0x00000000   Number         0  stubs.o ABSOLUTE
    _printf_llx                              0x00000000   Number         0  stubs.o ABSOLUTE
    _printf_longlong_dec                     0x00000000   Number         0  stubs.o ABSOLUTE
    _printf_longlong_hex                     0x00000000   Number         0  stubs.o ABSOLUTE
    _printf_longlong_oct                     0x00000000   Number         0  stubs.o ABSOLUTE
    _printf_ls                               0x00000000   Number         0  stubs.o ABSOLUTE
    _printf_mbtowc                           0x00000000   Number         0  stubs.o ABSOLUTE
    _printf_n                                0x00000000   Number         0  stubs.o ABSOLUTE
    _printf_o                                0x00000000   Number         0  stubs.o ABSOLUTE
    _printf_p                                0x00000000   Number         0  stubs.o ABSOLUTE
    _printf_percent                          0x00000000   Number         0  stubs.o ABSOLUTE
    _printf_pre_padding                      0x00000000   Number         0  stubs.o ABSOLUTE
    _printf_return_value                     0x00000000   Number         0  stubs.o ABSOLUTE
    _printf_s                                0x00000000   Number         0  stubs.o ABSOLUTE
    _printf_sizespec                         0x00000000   Number         0  stubs.o ABSOLUTE
    _printf_str                              0x00000000   Number         0  stubs.o ABSOLUTE
    _printf_truncate_signed                  0x00000000   Number         0  stubs.o ABSOLUTE
    _printf_truncate_unsigned                0x00000000   Number         0  stubs.o ABSOLUTE
    _printf_u                                0x00000000   Number         0  stubs.o ABSOLUTE
    _printf_wc                               0x00000000   Number         0  stubs.o ABSOLUTE
    _printf_wctomb                           0x00000000   Number         0  stubs.o ABSOLUTE
    _printf_widthprec                        0x00000000   Number         0  stubs.o ABSOLUTE
    _printf_x                                0x00000000   Number         0  stubs.o ABSOLUTE
    __cpp_initialize__aeabi_                  - Undefined Weak Reference
    __cxa_finalize                            - Undefined Weak Reference
    __decompress                              - Undefined Weak Reference
    _clock_init                               - Undefined Weak Reference
    _microlib_exit                            - Undefined Weak Reference
    __Vectors_Size                           0x00000400   Number         0  arm_startup_nrf52.o ABSOLUTE
    __Vectors                                0x0001b000   Data           4  arm_startup_nrf52.o(RESET)
    __Vectors_End                            0x0001b400   Data           0  arm_startup_nrf52.o(RESET)
    __main                                   0x0001b401   Thumb Code     0  entry.o(.ARM.Collect$$$$00000000)
    _main_stk                                0x0001b401   Thumb Code     0  entry2.o(.ARM.Collect$$$$00000001)
    _main_scatterload                        0x0001b405   Thumb Code     0  entry5.o(.ARM.Collect$$$$00000004)
    __main_after_scatterload                 0x0001b409   Thumb Code     0  entry5.o(.ARM.Collect$$$$00000004)
    _main_clock                              0x0001b409   Thumb Code     0  entry7b.o(.ARM.Collect$$$$00000008)
    _main_cpp_init                           0x0001b409   Thumb Code     0  entry8b.o(.ARM.Collect$$$$0000000A)
    _main_init                               0x0001b409   Thumb Code     0  entry9a.o(.ARM.Collect$$$$0000000B)
    __rt_final_cpp                           0x0001b411   Thumb Code     0  entry10a.o(.ARM.Collect$$$$0000000D)
    __rt_final_exit                          0x0001b411   Thumb Code     0  entry11a.o(.ARM.Collect$$$$0000000F)
    __asm___11_app_timer_c_cd27f9c3__nrf_delay_us 0x0001b415   Thumb Code   118  app_timer.o(.emb_text)
    Reset_Handler                            0x0001b48d   Thumb Code     8  arm_startup_nrf52.o(.text)
    NMI_Handler                              0x0001b495   Thumb Code     2  arm_startup_nrf52.o(.text)
    HardFault_Handler                        0x0001b497   Thumb Code     2  arm_startup_nrf52.o(.text)
    MemoryManagement_Handler                 0x0001b499   Thumb Code     2  arm_startup_nrf52.o(.text)
    BusFault_Handler                         0x0001b49b   Thumb Code     2  arm_startup_nrf52.o(.text)
    UsageFault_Handler                       0x0001b49d   Thumb Code     2  arm_startup_nrf52.o(.text)
    SVC_Handler                              0x0001b49f   Thumb Code     2  arm_startup_nrf52.o(.text)
    PendSV_Handler                           0x0001b4a1   Thumb Code     2  arm_startup_nrf52.o(.text)
    SysTick_Handler                          0x0001b4a3   Thumb Code     2  arm_startup_nrf52.o(.text)
    CCM_AAR_IRQHandler                       0x0001b4a5   Thumb Code     0  arm_startup_nrf52.o(.text)
    COMP_LPCOMP_IRQHandler                   0x0001b4a5   Thumb Code     0  arm_startup_nrf52.o(.text)
    ECB_IRQHandler                           0x0001b4a5   Thumb Code     0  arm_startup_nrf52.o(.text)
    I2S_IRQHandler                           0x0001b4a5   Thumb Code     0  arm_startup_nrf52.o(.text)
    MWU_IRQHandler                           0x0001b4a5   Thumb Code     0  arm_startup_nrf52.o(.text)
    NFCT_IRQHandler                          0x0001b4a5   Thumb Code     0  arm_startup_nrf52.o(.text)
    PDM_IRQHandler                           0x0001b4a5   Thumb Code     0  arm_startup_nrf52.o(.text)
    POWER_CLOCK_IRQHandler                   0x0001b4a5   Thumb Code     0  arm_startup_nrf52.o(.text)
    PWM0_IRQHandler                          0x0001b4a5   Thumb Code     0  arm_startup_nrf52.o(.text)
    PWM1_IRQHandler                          0x0001b4a5   Thumb Code     0  arm_startup_nrf52.o(.text)
    PWM2_IRQHandler                          0x0001b4a5   Thumb Code     0  arm_startup_nrf52.o(.text)
    QDEC_IRQHandler                          0x0001b4a5   Thumb Code     0  arm_startup_nrf52.o(.text)
    RADIO_IRQHandler                         0x0001b4a5   Thumb Code     0  arm_startup_nrf52.o(.text)
    RNG_IRQHandler                           0x0001b4a5   Thumb Code     0  arm_startup_nrf52.o(.text)
    RTC0_IRQHandler                          0x0001b4a5   Thumb Code     0  arm_startup_nrf52.o(.text)
    RTC2_IRQHandler                          0x0001b4a5   Thumb Code     0  arm_startup_nrf52.o(.text)
    SPIM0_SPIS0_TWIM0_TWIS0_SPI0_TWI0_IRQHandler 0x0001b4a5   Thumb Code     0  arm_startup_nrf52.o(.text)
    SPIM1_SPIS1_TWIM1_TWIS1_SPI1_TWI1_IRQHandler 0x0001b4a5   Thumb Code     0  arm_startup_nrf52.o(.text)
    SPIM2_SPIS2_SPI2_IRQHandler              0x0001b4a5   Thumb Code     0  arm_startup_nrf52.o(.text)
    SWI1_EGU1_IRQHandler                     0x0001b4a5   Thumb Code     0  arm_startup_nrf52.o(.text)
    SWI3_EGU3_IRQHandler                     0x0001b4a5   Thumb Code     0  arm_startup_nrf52.o(.text)
    SWI4_EGU4_IRQHandler                     0x0001b4a5   Thumb Code     0  arm_startup_nrf52.o(.text)
    SWI5_EGU5_IRQHandler                     0x0001b4a5   Thumb Code     0  arm_startup_nrf52.o(.text)
    TEMP_IRQHandler                          0x0001b4a5   Thumb Code     0  arm_startup_nrf52.o(.text)
    TIMER0_IRQHandler                        0x0001b4a5   Thumb Code     0  arm_startup_nrf52.o(.text)
    TIMER2_IRQHandler                        0x0001b4a5   Thumb Code     0  arm_startup_nrf52.o(.text)
    TIMER3_IRQHandler                        0x0001b4a5   Thumb Code     0  arm_startup_nrf52.o(.text)
    TIMER4_IRQHandler                        0x0001b4a5   Thumb Code     0  arm_startup_nrf52.o(.text)
    WDT_IRQHandler                           0x0001b4a5   Thumb Code     0  arm_startup_nrf52.o(.text)
    __aeabi_memcpy                           0x0001b4b1   Thumb Code    36  memcpya.o(.text)
    __aeabi_memcpy4                          0x0001b4b1   Thumb Code     0  memcpya.o(.text)
    __aeabi_memcpy8                          0x0001b4b1   Thumb Code     0  memcpya.o(.text)
    __aeabi_memset                           0x0001b4d5   Thumb Code    14  memseta.o(.text)
    __aeabi_memset4                          0x0001b4d5   Thumb Code     0  memseta.o(.text)
    __aeabi_memset8                          0x0001b4d5   Thumb Code     0  memseta.o(.text)
    __aeabi_memclr                           0x0001b4e3   Thumb Code     4  memseta.o(.text)
    __aeabi_memclr4                          0x0001b4e3   Thumb Code     0  memseta.o(.text)
    __aeabi_memclr8                          0x0001b4e3   Thumb Code     0  memseta.o(.text)
    _memset$wrapper                          0x0001b4e7   Thumb Code    18  memseta.o(.text)
    __aeabi_uidiv                            0x0001b4f9   Thumb Code     0  uidiv.o(.text)
    __aeabi_uidivmod                         0x0001b4f9   Thumb Code    44  uidiv.o(.text)
    __aeabi_uldivmod                         0x0001b525   Thumb Code    98  uldiv.o(.text)
    __I$use$fp                               0x0001b587   Thumb Code     0  iusefp.o(.text)
    __aeabi_dadd                             0x0001b587   Thumb Code   322  dadd.o(.text)
    __aeabi_dsub                             0x0001b6c9   Thumb Code     6  dadd.o(.text)
    __aeabi_drsub                            0x0001b6cf   Thumb Code     6  dadd.o(.text)
    __aeabi_dmul                             0x0001b6d5   Thumb Code   228  dmul.o(.text)
    __aeabi_ddiv                             0x0001b7b9   Thumb Code   222  ddiv.o(.text)
    __aeabi_d2ulz                            0x0001b897   Thumb Code    48  dfixul.o(.text)
    __aeabi_cdrcmple                         0x0001b8c9   Thumb Code    48  cdrcmple.o(.text)
    __scatterload                            0x0001b8f9   Thumb Code    28  init.o(.text)
    __scatterload_rt2                        0x0001b8f9   Thumb Code     0  init.o(.text)
    __aeabi_llsl                             0x0001b91d   Thumb Code    30  llshl.o(.text)
    _ll_shift_l                              0x0001b91d   Thumb Code     0  llshl.o(.text)
    __aeabi_llsr                             0x0001b93b   Thumb Code    32  llushr.o(.text)
    _ll_ushift_r                             0x0001b93b   Thumb Code     0  llushr.o(.text)
    __aeabi_lasr                             0x0001b95b   Thumb Code    36  llsshr.o(.text)
    _ll_sshift_r                             0x0001b95b   Thumb Code     0  llsshr.o(.text)
    _double_round                            0x0001b97f   Thumb Code    30  depilogue.o(.text)
    _double_epilogue                         0x0001b99d   Thumb Code   156  depilogue.o(.text)
    GPIOTE_IRQHandler                        0x0001ba39   Thumb Code   248  nrf_drv_gpiote.o(i.GPIOTE_IRQHandler)
    RTC1_IRQHandler                          0x0001bba1   Thumb Code    32  app_timer.o(i.RTC1_IRQHandler)
    SAADC_IRQHandler                         0x0001bbc5   Thumb Code   346  nrf_drv_saadc.o(i.SAADC_IRQHandler)
    SWI0_EGU0_IRQHandler                     0x0001bd2d   Thumb Code     4  app_timer.o(i.SWI0_EGU0_IRQHandler)
    SWI2_EGU2_IRQHandler                     0x0001bd31   Thumb Code    32  softdevice_handler.o(i.SWI2_EGU2_IRQHandler)
    SystemInit                               0x0001bd55   Thumb Code   562  system_nrf52.o(i.SystemInit)
    TIMER1_IRQHandler                        0x0001bfb1   Thumb Code    64  nrf_drv_timer.o(i.TIMER1_IRQHandler)
    UARTE0_UART0_IRQHandler                  0x0001bff9   Thumb Code    14  nrf_drv_uart.o(i.UARTE0_UART0_IRQHandler)
    __0printf                                0x0001c00d   Thumb Code    22  printfa.o(i.__0printf)
    __1printf                                0x0001c00d   Thumb Code     0  printfa.o(i.__0printf)
    __2printf                                0x0001c00d   Thumb Code     0  printfa.o(i.__0printf)
    __c89printf                              0x0001c00d   Thumb Code     0  printfa.o(i.__0printf)
    printf                                   0x0001c00d   Thumb Code     0  printfa.o(i.__0printf)
    __scatterload_copy                       0x0001c02d   Thumb Code    14  handlers.o(i.__scatterload_copy)
    __scatterload_null                       0x0001c03b   Thumb Code     2  handlers.o(i.__scatterload_null)
    __scatterload_zeroinit                   0x0001c03d   Thumb Code    14  handlers.o(i.__scatterload_zeroinit)
    adv_data_encode                          0x0001c8df   Thumb Code   514  ble_advdata.o(i.adv_data_encode)
    app_error_fault_handler                  0x0001cb35   Thumb Code    26  app_error.o(i.app_error_fault_handler)
    app_error_handler_bare                   0x0001cb59   Thumb Code    20  app_error.o(i.app_error_handler_bare)
    app_fifo_get                             0x0001cb6d   Thumb Code    22  app_fifo.o(i.app_fifo_get)
    app_fifo_init                            0x0001cb83   Thumb Code    32  app_fifo.o(i.app_fifo_init)
    app_fifo_put                             0x0001cba3   Thumb Code    26  app_fifo.o(i.app_fifo_put)
    app_timer_create                         0x0001cbbd   Thumb Code    32  app_timer.o(i.app_timer_create)
    app_timer_init                           0x0001cbe1   Thumb Code   134  app_timer.o(i.app_timer_init)
    app_timer_start                          0x0001cc71   Thumb Code   118  app_timer.o(i.app_timer_start)
    app_timer_stop                           0x0001ccf1   Thumb Code    76  app_timer.o(i.app_timer_stop)
    app_uart_get                             0x0001cd41   Thumb Code    44  app_uart_fifo.o(i.app_uart_get)
    app_uart_init                            0x0001cd75   Thumb Code   146  app_uart_fifo.o(i.app_uart_init)
    app_uart_put                             0x0001ce19   Thumb Code    34  app_uart_fifo.o(i.app_uart_put)
    ble_advdata_set                          0x0001ced1   Thumb Code   104  ble_advdata.o(i.ble_advdata_set)
    ble_advertising_init                     0x0001cf39   Thumb Code   274  ble_advertising.o(i.ble_advertising_init)
    ble_advertising_on_ble_evt               0x0001d055   Thumb Code   122  ble_advertising.o(i.ble_advertising_on_ble_evt)
    ble_advertising_start                    0x0001d0e5   Thumb Code   462  ble_advertising.o(i.ble_advertising_start)
    ble_conn_params_init                     0x0001d2bd   Thumb Code    72  ble_conn_params.o(i.ble_conn_params_init)
    ble_conn_params_on_ble_evt               0x0001d315   Thumb Code   126  ble_conn_params.o(i.ble_conn_params_on_ble_evt)
    ble_nus_init                             0x0001d42d   Thumb Code    94  ble_nus.o(i.ble_nus_init)
    ble_nus_on_ble_evt                       0x0001d491   Thumb Code    82  ble_nus.o(i.ble_nus_on_ble_evt)
    ble_nus_string_send                      0x0001d4e3   Thumb Code    78  ble_nus.o(i.ble_nus_string_send)
    bsp_btn_ble_on_ble_evt                   0x0001d58d   Thumb Code   106  bsp_btn_ble.o(i.bsp_btn_ble_on_ble_evt)
    bsp_btn_ble_sleep_mode_prepare           0x0001d5fd   Thumb Code    18  bsp_btn_ble.o(i.bsp_btn_ble_sleep_mode_prepare)
    bsp_event_to_button_action_assign        0x0001d6b9   Thumb Code    64  bsp.o(i.bsp_event_to_button_action_assign)
    bsp_indication_set                       0x0001d6fd   Thumb Code    20  bsp.o(i.bsp_indication_set)
    bsp_wakeup_buttons_set                   0x0001d939   Thumb Code    54  bsp.o(i.bsp_wakeup_buttons_set)
    fputc                                    0x0001dc17   Thumb Code    14  retarget.o(i.fputc)
    intern_softdevice_events_execute         0x0001dc5d   Thumb Code   106  softdevice_handler.o(i.intern_softdevice_events_execute)
    main                                     0x0001df01   Thumb Code   448  main.o(i.main)
    nrf_drv_common_irq_enable                0x0001e215   Thumb Code    56  nrf_drv_common.o(i.nrf_drv_common_irq_enable)
    nrf_drv_gpiote_in_event_enable           0x0001e24d   Thumb Code   150  nrf_drv_gpiote.o(i.nrf_drv_gpiote_in_event_enable)
    nrf_drv_gpiote_in_init                   0x0001e2f1   Thumb Code   170  nrf_drv_gpiote.o(i.nrf_drv_gpiote_in_init)
    nrf_drv_gpiote_init                      0x0001e3a9   Thumb Code    76  nrf_drv_gpiote.o(i.nrf_drv_gpiote_init)
    nrf_drv_ppi_channel_alloc                0x0001e3fd   Thumb Code   128  nrf_drv_ppi.o(i.nrf_drv_ppi_channel_alloc)
    nrf_drv_ppi_channel_assign               0x0001e485   Thumb Code    56  nrf_drv_ppi.o(i.nrf_drv_ppi_channel_assign)
    nrf_drv_ppi_channel_disable              0x0001e4c1   Thumb Code    46  nrf_drv_ppi.o(i.nrf_drv_ppi_channel_disable)
    nrf_drv_ppi_channel_enable               0x0001e4f5   Thumb Code    46  nrf_drv_ppi.o(i.nrf_drv_ppi_channel_enable)
    nrf_drv_ppi_init                         0x0001e529   Thumb Code    18  nrf_drv_ppi.o(i.nrf_drv_ppi_init)
    nrf_drv_saadc_buffer_convert             0x0001e541   Thumb Code   210  nrf_drv_saadc.o(i.nrf_drv_saadc_buffer_convert)
    nrf_drv_saadc_channel_init               0x0001e621   Thumb Code   128  nrf_drv_saadc.o(i.nrf_drv_saadc_channel_init)
    nrf_drv_saadc_init                       0x0001e6a5   Thumb Code    80  nrf_drv_saadc.o(i.nrf_drv_saadc_init)
    nrf_drv_timer_compare                    0x0001e701   Thumb Code    34  nrf_drv_timer.o(i.nrf_drv_timer_compare)
    nrf_drv_timer_enable                     0x0001e725   Thumb Code    24  nrf_drv_timer.o(i.nrf_drv_timer_enable)
    nrf_drv_timer_extended_compare           0x0001e741   Thumb Code    42  nrf_drv_timer.o(i.nrf_drv_timer_extended_compare)
    nrf_drv_timer_init                       0x0001e76d   Thumb Code   150  nrf_drv_timer.o(i.nrf_drv_timer_init)
    nrf_drv_uart_init                        0x0001e80d   Thumb Code   126  nrf_drv_uart.o(i.nrf_drv_uart_init)
    nrf_drv_uart_rx                          0x0001e8a1   Thumb Code   132  nrf_drv_uart.o(i.nrf_drv_uart_rx)
    nrf_drv_uart_rx_enable                   0x0001e92d   Thumb Code    26  nrf_drv_uart.o(i.nrf_drv_uart_rx_enable)
    nrf_drv_uart_tx                          0x0001ea79   Thumb Code   128  nrf_drv_uart.o(i.nrf_drv_uart_tx)
    nrf_saadc_channel_init                   0x0001ec61   Thumb Code    90  nrf_saadc.o(i.nrf_saadc_channel_init)
    pin_int_handler                          0x0001ee61   Thumb Code    52  main.o(i.pin_int_handler)
    pstorage_access_status_get               0x0001eea1   Thumb Code    28  pstorage.o(i.pstorage_access_status_get)
    saadc_event_handler                      0x0001f045   Thumb Code    42  main.o(i.saadc_event_handler)
    saadc_sampling_event_disable             0x0001f079   Thumb Code    24  main.o(i.saadc_sampling_event_disable)
    saadc_sampling_event_enable              0x0001f095   Thumb Code    24  main.o(i.saadc_sampling_event_enable)
    saadc_sampling_event_init                0x0001f0b1   Thumb Code   118  main.o(i.saadc_sampling_event_init)
    sd_check_ram_start                       0x0001f13d   Thumb Code    10  softdevice_handler.o(i.sd_check_ram_start)
    softdevice_ble_evt_handler_set           0x0001f1fd   Thumb Code    14  softdevice_handler.o(i.softdevice_ble_evt_handler_set)
    softdevice_enable                        0x0001f211   Thumb Code    14  softdevice_handler.o(i.softdevice_enable)
    softdevice_enable_get_default_config     0x0001f225   Thumb Code    38  softdevice_handler.o(i.softdevice_enable_get_default_config)
    softdevice_fault_handler                 0x0001f24b   Thumb Code     4  softdevice_handler.o(i.softdevice_fault_handler)
    softdevice_handler_init                  0x0001f251   Thumb Code    38  softdevice_handler.o(i.softdevice_handler_init)
    timer_handler                            0x0001f281   Thumb Code     2  main.o(i.timer_handler)
    uart_event_handle                        0x0001f4b9   Thumb Code    84  main.o(i.uart_event_handle)
    Region$$Table$$Base                      0x0001fa14   Number         0  anon$$obj.o(Region$$Table)
    Region$$Table$$Limit                     0x0001fa34   Number         0  anon$$obj.o(Region$$Table)
    Image$$RW_IRAM1$$Base                    0x20001f00   Number         0  anon$$obj.o ABSOLUTE
    __stdout                                 0x20001fb4   Data           4  retarget.o(.data)
    SystemCoreClock                          0x20001fcc   Data           4  system_nrf52.o(.data)
    __initial_sp                             0x20004768   Data           0  arm_startup_nrf52.o(STACK)



==============================================================================

Memory Map of the image

  Image Entry point : 0x0001b401

  Load Region LR_IROM1 (Base: 0x0001b000, Size: 0x00004b04, Max: 0x00065000, ABSOLUTE)

    Execution Region ER_IROM1 (Base: 0x0001b000, Size: 0x00004a34, Max: 0x00065000, ABSOLUTE)

    Base Addr    Size         Type   Attr      Idx    E Section Name        Object

    0x0001b000   0x00000400   Data   RO         2807    RESET               arm_startup_nrf52.o
    0x0001b400   0x00000000   Code   RO         2848  * .ARM.Collect$$$$00000000  mc_w.l(entry.o)
    0x0001b400   0x00000004   Code   RO         3122    .ARM.Collect$$$$00000001  mc_w.l(entry2.o)
    0x0001b404   0x00000004   Code   RO         3125    .ARM.Collect$$$$00000004  mc_w.l(entry5.o)
    0x0001b408   0x00000000   Code   RO         3127    .ARM.Collect$$$$00000008  mc_w.l(entry7b.o)
    0x0001b408   0x00000000   Code   RO         3129    .ARM.Collect$$$$0000000A  mc_w.l(entry8b.o)
    0x0001b408   0x00000008   Code   RO         3130    .ARM.Collect$$$$0000000B  mc_w.l(entry9a.o)
    0x0001b410   0x00000000   Code   RO         3132    .ARM.Collect$$$$0000000D  mc_w.l(entry10a.o)
    0x0001b410   0x00000000   Code   RO         3134    .ARM.Collect$$$$0000000F  mc_w.l(entry11a.o)
    0x0001b410   0x00000004   Code   RO         3123    .ARM.Collect$$$$00002712  mc_w.l(entry2.o)
    0x0001b414   0x00000076   Code   RO         2404    .emb_text           app_timer.o
    0x0001b48a   0x00000002   PAD
    0x0001b48c   0x00000024   Code   RO         2808    .text               arm_startup_nrf52.o
    0x0001b4b0   0x00000024   Code   RO         2851    .text               mc_w.l(memcpya.o)
    0x0001b4d4   0x00000024   Code   RO         2853    .text               mc_w.l(memseta.o)
    0x0001b4f8   0x0000002c   Code   RO         3136    .text               mc_w.l(uidiv.o)
    0x0001b524   0x00000062   Code   RO         3138    .text               mc_w.l(uldiv.o)
    0x0001b586   0x00000000   Code   RO         3140    .text               mc_w.l(iusefp.o)
    0x0001b586   0x0000014e   Code   RO         3141    .text               mf_w.l(dadd.o)
    0x0001b6d4   0x000000e4   Code   RO         3143    .text               mf_w.l(dmul.o)
    0x0001b7b8   0x000000de   Code   RO         3145    .text               mf_w.l(ddiv.o)
    0x0001b896   0x00000030   Code   RO         3147    .text               mf_w.l(dfixul.o)
    0x0001b8c6   0x00000002   PAD
    0x0001b8c8   0x00000030   Code   RO         3149    .text               mf_w.l(cdrcmple.o)
    0x0001b8f8   0x00000024   Code   RO         3151    .text               mc_w.l(init.o)
    0x0001b91c   0x0000001e   Code   RO         3153    .text               mc_w.l(llshl.o)
    0x0001b93a   0x00000020   Code   RO         3155    .text               mc_w.l(llushr.o)
    0x0001b95a   0x00000024   Code   RO         3157    .text               mc_w.l(llsshr.o)
    0x0001b97e   0x000000ba   Code   RO         3159    .text               mf_w.l(depilogue.o)
    0x0001ba38   0x00000104   Code   RO         1012    i.GPIOTE_IRQHandler  nrf_drv_gpiote.o
    0x0001bb3c   0x00000016   Code   RO         2405    i.NVIC_ClearPendingIRQ  app_timer.o
    0x0001bb52   0x00000016   Code   RO         2406    i.NVIC_EnableIRQ    app_timer.o
    0x0001bb68   0x00000016   Code   RO         2407    i.NVIC_SetPendingIRQ  app_timer.o
    0x0001bb7e   0x00000020   Code   RO         2408    i.NVIC_SetPriority  app_timer.o
    0x0001bb9e   0x00000002   PAD
    0x0001bba0   0x00000024   Code   RO         2409    i.RTC1_IRQHandler   app_timer.o
    0x0001bbc4   0x00000168   Code   RO         1655    i.SAADC_IRQHandler  nrf_drv_saadc.o
    0x0001bd2c   0x00000004   Code   RO         2410    i.SWI0_EGU0_IRQHandler  app_timer.o
    0x0001bd30   0x00000024   Code   RO         2717    i.SWI2_EGU2_IRQHandler  softdevice_handler.o
    0x0001bd54   0x0000025c   Code   RO         2816    i.SystemInit        system_nrf52.o
    0x0001bfb0   0x00000048   Code   RO         1961    i.TIMER1_IRQHandler  nrf_drv_timer.o
    0x0001bff8   0x00000014   Code   RO         1211    i.UARTE0_UART0_IRQHandler  nrf_drv_uart.o
    0x0001c00c   0x00000020   Code   RO         3094    i.__0printf         mc_w.l(printfa.o)
    0x0001c02c   0x0000000e   Code   RO         3163    i.__scatterload_copy  mc_w.l(handlers.o)
    0x0001c03a   0x00000002   Code   RO         3164    i.__scatterload_null  mc_w.l(handlers.o)
    0x0001c03c   0x0000000e   Code   RO         3165    i.__scatterload_zeroinit  mc_w.l(handlers.o)
    0x0001c04a   0x00000002   PAD
    0x0001c04c   0x00000164   Code   RO         3101    i._fp_digits        mc_w.l(printfa.o)
    0x0001c1b0   0x000006dc   Code   RO         3102    i._printf_core      mc_w.l(printfa.o)
    0x0001c88c   0x00000024   Code   RO         3103    i._printf_post_padding  mc_w.l(printfa.o)
    0x0001c8b0   0x0000002e   Code   RO         3104    i._printf_pre_padding  mc_w.l(printfa.o)
    0x0001c8de   0x00000202   Code   RO          518    i.adv_data_encode   ble_advdata.o
    0x0001cae0   0x00000036   Code   RO          475    i.advertising_buttons_configure  bsp_btn_ble.o
    0x0001cb16   0x00000002   PAD
    0x0001cb18   0x0000001c   Code   RO         1656    i.ain_set_allocated  nrf_drv_saadc.o
    0x0001cb34   0x00000024   Code   RO         2280    i.app_error_fault_handler  app_error.o
    0x0001cb58   0x00000014   Code   RO         2282    i.app_error_handler_bare  app_error.o
    0x0001cb6c   0x00000016   Code   RO         2341    i.app_fifo_get      app_fifo.o
    0x0001cb82   0x00000020   Code   RO         2342    i.app_fifo_init     app_fifo.o
    0x0001cba2   0x0000001a   Code   RO         2343    i.app_fifo_put      app_fifo.o
    0x0001cbbc   0x00000024   Code   RO         2413    i.app_timer_create  app_timer.o
    0x0001cbe0   0x00000090   Code   RO         2414    i.app_timer_init    app_timer.o
    0x0001cc70   0x00000080   Code   RO         2415    i.app_timer_start   app_timer.o
    0x0001ccf0   0x00000050   Code   RO         2416    i.app_timer_stop    app_timer.o
    0x0001cd40   0x00000034   Code   RO          867    i.app_uart_get      app_uart_fifo.o
    0x0001cd74   0x000000a4   Code   RO          868    i.app_uart_init     app_uart_fifo.o
    0x0001ce18   0x0000002c   Code   RO          869    i.app_uart_put      app_uart_fifo.o
    0x0001ce44   0x00000078   Code   RO         1212    i.apply_config      nrf_drv_uart.o
    0x0001cebc   0x00000014   Code   RO         1806    i.are_app_channels  nrf_drv_ppi.o
    0x0001ced0   0x00000068   Code   RO          519    i.ble_advdata_set   ble_advdata.o
    0x0001cf38   0x0000011c   Code   RO          609    i.ble_advertising_init  ble_advertising.o
    0x0001d054   0x00000080   Code   RO          610    i.ble_advertising_on_ble_evt  ble_advertising.o
    0x0001d0d4   0x00000010   Code   RO          613    i.ble_advertising_peer_address_clear  ble_advertising.o
    0x0001d0e4   0x000001d8   Code   RO          615    i.ble_advertising_start  ble_advertising.o
    0x0001d2bc   0x00000058   Code   RO          697    i.ble_conn_params_init  ble_conn_params.o
    0x0001d314   0x0000008c   Code   RO          698    i.ble_conn_params_on_ble_evt  ble_conn_params.o
    0x0001d3a0   0x0000005e   Code   RO          520    i.ble_device_addr_encode  ble_advdata.o
    0x0001d3fe   0x00000002   PAD
    0x0001d400   0x0000002c   Code   RO            6    i.ble_evt_dispatch  main.o
    0x0001d42c   0x00000064   Code   RO          771    i.ble_nus_init      ble_nus.o
    0x0001d490   0x00000052   Code   RO          772    i.ble_nus_on_ble_evt  ble_nus.o
    0x0001d4e2   0x0000004e   Code   RO          773    i.ble_nus_string_send  ble_nus.o
    0x0001d530   0x0000005c   Code   RO            7    i.ble_stack_init    main.o
    0x0001d58c   0x00000070   Code   RO          477    i.bsp_btn_ble_on_ble_evt  bsp_btn_ble.o
    0x0001d5fc   0x00000012   Code   RO          478    i.bsp_btn_ble_sleep_mode_prepare  bsp_btn_ble.o
    0x0001d60e   0x00000002   PAD
    0x0001d610   0x000000a8   Code   RO          359    i.bsp_button_event_handler  bsp.o
    0x0001d6b8   0x00000044   Code   RO          364    i.bsp_event_to_button_action_assign  bsp.o
    0x0001d6fc   0x00000018   Code   RO          365    i.bsp_indication_set  bsp.o
    0x0001d714   0x00000224   Code   RO          368    i.bsp_led_indication  bsp.o
    0x0001d938   0x0000003c   Code   RO          369    i.bsp_wakeup_buttons_set  bsp.o
    0x0001d974   0x0000001c   Code   RO         1013    i.channel_free      nrf_drv_gpiote.o
    0x0001d990   0x00000048   Code   RO         1014    i.channel_port_alloc  nrf_drv_gpiote.o
    0x0001d9d8   0x00000010   Code   RO         1015    i.channel_port_get  nrf_drv_gpiote.o
    0x0001d9e8   0x000000ac   Code   RO         2418    i.compare_reg_update  app_timer.o
    0x0001da94   0x00000088   Code   RO          521    i.conn_int_encode   ble_advdata.o
    0x0001db1c   0x00000004   Code   RO            9    i.conn_params_error_handler  main.o
    0x0001db20   0x0000005c   Code   RO          700    i.conn_params_negotiation  ble_conn_params.o
    0x0001db7c   0x00000034   Code   RO         1807    i.current_int_priority_get  nrf_drv_ppi.o
    0x0001dbb0   0x00000040   Code   RO         2419    i.elapsed_ticks_acquire  app_timer.o
    0x0001dbf0   0x00000014   Code   RO         2346    i.fifo_get          app_fifo.o
    0x0001dc04   0x00000012   Code   RO         2347    i.fifo_put          app_fifo.o
    0x0001dc16   0x0000000e   Code   RO         2680    i.fputc             retarget.o
    0x0001dc24   0x0000000e   Code   RO         1657    i.input_is_ain      nrf_drv_saadc.o
    0x0001dc32   0x00000002   PAD
    0x0001dc34   0x00000028   Code   RO         1658    i.input_is_allocated  nrf_drv_saadc.o
    0x0001dc5c   0x00000070   Code   RO         2718    i.intern_softdevice_events_execute  softdevice_handler.o
    0x0001dccc   0x00000018   Code   RO         1808    i.is_allocated_channel  nrf_drv_ppi.o
    0x0001dce4   0x0000000a   Code   RO         1810    i.is_app_channel    nrf_drv_ppi.o
    0x0001dcee   0x00000002   PAD
    0x0001dcf0   0x0000001c   Code   RO          701    i.is_conn_params_ok  ble_conn_params.o
    0x0001dd0c   0x00000018   Code   RO         1812    i.is_programmable_app_channel  nrf_drv_ppi.o
    0x0001dd24   0x00000054   Code   RO          522    i.le_role_encode    ble_advdata.o
    0x0001dd78   0x000000bc   Code   RO         2420    i.list_deletions_handler  app_timer.o
    0x0001de34   0x000000cc   Code   RO         2421    i.list_insertions_handler  app_timer.o
    0x0001df00   0x00000214   Code   RO           10    i.main              main.o
    0x0001e114   0x00000064   Code   RO          523    i.manuf_specific_data_encode  ble_advdata.o
    0x0001e178   0x0000009c   Code   RO          524    i.name_encode       ble_advdata.o
    0x0001e214   0x00000038   Code   RO          974    i.nrf_drv_common_irq_enable  nrf_drv_common.o
    0x0001e24c   0x000000a4   Code   RO         1018    i.nrf_drv_gpiote_in_event_enable  nrf_drv_gpiote.o
    0x0001e2f0   0x000000b8   Code   RO         1019    i.nrf_drv_gpiote_in_init  nrf_drv_gpiote.o
    0x0001e3a8   0x00000054   Code   RO         1022    i.nrf_drv_gpiote_init  nrf_drv_gpiote.o
    0x0001e3fc   0x00000088   Code   RO         1813    i.nrf_drv_ppi_channel_alloc  nrf_drv_ppi.o
    0x0001e484   0x0000003c   Code   RO         1814    i.nrf_drv_ppi_channel_assign  nrf_drv_ppi.o
    0x0001e4c0   0x00000034   Code   RO         1815    i.nrf_drv_ppi_channel_disable  nrf_drv_ppi.o
    0x0001e4f4   0x00000034   Code   RO         1816    i.nrf_drv_ppi_channel_enable  nrf_drv_ppi.o
    0x0001e528   0x00000018   Code   RO         1825    i.nrf_drv_ppi_init  nrf_drv_ppi.o
    0x0001e540   0x000000e0   Code   RO         1659    i.nrf_drv_saadc_buffer_convert  nrf_drv_saadc.o
    0x0001e620   0x00000084   Code   RO         1661    i.nrf_drv_saadc_channel_init  nrf_drv_saadc.o
    0x0001e6a4   0x0000005c   Code   RO         1663    i.nrf_drv_saadc_init  nrf_drv_saadc.o
    0x0001e700   0x00000022   Code   RO         1964    i.nrf_drv_timer_compare  nrf_drv_timer.o
    0x0001e722   0x00000002   PAD
    0x0001e724   0x0000001c   Code   RO         1968    i.nrf_drv_timer_enable  nrf_drv_timer.o
    0x0001e740   0x0000002a   Code   RO         1969    i.nrf_drv_timer_extended_compare  nrf_drv_timer.o
    0x0001e76a   0x00000002   PAD
    0x0001e76c   0x000000a0   Code   RO         1971    i.nrf_drv_timer_init  nrf_drv_timer.o
    0x0001e80c   0x00000094   Code   RO         1214    i.nrf_drv_uart_init  nrf_drv_uart.o
    0x0001e8a0   0x0000008c   Code   RO         1215    i.nrf_drv_uart_rx   nrf_drv_uart.o
    0x0001e92c   0x00000020   Code   RO         1218    i.nrf_drv_uart_rx_enable  nrf_drv_uart.o
    0x0001e94c   0x0000009c   Code   RO         1219    i.nrf_drv_uart_rx_for_uart  nrf_drv_uart.o
    0x0001e9e8   0x00000090   Code   RO         1220    i.nrf_drv_uart_rx_for_uarte  nrf_drv_uart.o
    0x0001ea78   0x00000088   Code   RO         1221    i.nrf_drv_uart_tx   nrf_drv_uart.o
    0x0001eb00   0x00000080   Code   RO         1223    i.nrf_drv_uart_tx_for_uart  nrf_drv_uart.o
    0x0001eb80   0x00000022   Code   RO         1035    i.nrf_gpio_cfg      nrf_drv_gpiote.o
    0x0001eba2   0x00000022   Code   RO         1225    i.nrf_gpio_cfg      nrf_drv_uart.o
    0x0001ebc4   0x00000012   Code   RO         1227    i.nrf_gpio_cfg_input  nrf_drv_uart.o
    0x0001ebd6   0x00000014   Code   RO         1228    i.nrf_gpio_cfg_output  nrf_drv_uart.o
    0x0001ebea   0x0000001c   Code   RO         1037    i.nrf_gpio_cfg_sense_set  nrf_drv_gpiote.o
    0x0001ec06   0x0000000a   Code   RO           11    i.nrf_gpio_pin_toggle  main.o
    0x0001ec10   0x0000001c   Code   RO           12    i.nrf_gpio_pins_toggle  main.o
    0x0001ec2c   0x00000014   Code   RO         1038    i.nrf_gpiote_event_clear  nrf_drv_gpiote.o
    0x0001ec40   0x00000010   Code   RO         1039    i.nrf_gpiote_event_is_set  nrf_drv_gpiote.o
    0x0001ec50   0x00000010   Code   RO         1668    i.nrf_saadc_buffer_init  nrf_drv_saadc.o
    0x0001ec60   0x00000060   Code   RO         1779    i.nrf_saadc_channel_init  nrf_saadc.o
    0x0001ecc0   0x00000014   Code   RO         1669    i.nrf_saadc_channel_input_set  nrf_drv_saadc.o
    0x0001ecd4   0x00000010   Code   RO         1670    i.nrf_saadc_event_check  nrf_drv_saadc.o
    0x0001ece4   0x0000000a   Code   RO         1229    i.nrf_uart_event_check  nrf_drv_uart.o
    0x0001ecee   0x0000000c   Code   RO         1230    i.nrf_uart_int_enable_check  nrf_drv_uart.o
    0x0001ecfa   0x0000000a   Code   RO         1231    i.nrf_uarte_event_check  nrf_drv_uart.o
    0x0001ed04   0x0000006a   Code   RO           13    i.nus_data_handler  main.o
    0x0001ed6e   0x00000024   Code   RO           14    i.on_adv_evt        main.o
    0x0001ed92   0x00000002   PAD
    0x0001ed94   0x0000006c   Code   RO           15    i.on_ble_evt        main.o
    0x0001ee00   0x0000001c   Code   RO           16    i.on_conn_params_evt  main.o
    0x0001ee1c   0x00000014   Code   RO          617    i.peer_address_exists  ble_advertising.o
    0x0001ee30   0x00000018   Code   RO         1040    i.pin_in_use_by_port  nrf_drv_gpiote.o
    0x0001ee48   0x00000018   Code   RO         1041    i.pin_in_use_by_te  nrf_drv_gpiote.o
    0x0001ee60   0x00000040   Code   RO           17    i.pin_int_handler   main.o
    0x0001eea0   0x00000024   Code   RO         1424    i.pstorage_access_status_get  pstorage.o
    0x0001eec4   0x0000003c   Code   RO         2422    i.rtc1_stop         app_timer.o
    0x0001ef00   0x00000030   Code   RO         1233    i.rx_byte           nrf_drv_uart.o
    0x0001ef30   0x000000dc   Code   RO          774    i.rx_char_add       ble_nus.o
    0x0001f00c   0x00000020   Code   RO         1234    i.rx_done_event     nrf_drv_uart.o
    0x0001f02c   0x00000018   Code   RO         1235    i.rx_enable         nrf_drv_uart.o
    0x0001f044   0x00000034   Code   RO           18    i.saadc_event_handler  main.o
    0x0001f078   0x0000001c   Code   RO           19    i.saadc_sampling_event_disable  main.o
    0x0001f094   0x0000001c   Code   RO           20    i.saadc_sampling_event_enable  main.o
    0x0001f0b0   0x0000008c   Code   RO           21    i.saadc_sampling_event_init  main.o
    0x0001f13c   0x00000010   Code   RO         2719    i.sd_check_ram_start  softdevice_handler.o
    0x0001f14c   0x00000088   Code   RO          525    i.service_data_encode  ble_advdata.o
    0x0001f1d4   0x00000028   Code   RO           22    i.sleep_mode_enter  main.o
    0x0001f1fc   0x00000014   Code   RO         2720    i.softdevice_ble_evt_handler_set  softdevice_handler.o
    0x0001f210   0x00000014   Code   RO         2721    i.softdevice_enable  softdevice_handler.o
    0x0001f224   0x00000026   Code   RO         2722    i.softdevice_enable_get_default_config  softdevice_handler.o
    0x0001f24a   0x00000004   Code   RO         2723    i.softdevice_fault_handler  softdevice_handler.o
    0x0001f24e   0x00000002   PAD
    0x0001f250   0x00000030   Code   RO         2724    i.softdevice_handler_init  softdevice_handler.o
    0x0001f280   0x00000002   Code   RO           23    i.timer_handler     main.o
    0x0001f282   0x00000002   PAD
    0x0001f284   0x0000008c   Code   RO         2423    i.timer_list_handler  app_timer.o
    0x0001f310   0x0000003c   Code   RO         2424    i.timer_list_insert  app_timer.o
    0x0001f34c   0x00000084   Code   RO         2425    i.timer_timeouts_check  app_timer.o
    0x0001f3d0   0x00000024   Code   RO         1236    i.tx_byte           nrf_drv_uart.o
    0x0001f3f4   0x000000a0   Code   RO          775    i.tx_char_add       ble_nus.o
    0x0001f494   0x00000024   Code   RO         1237    i.tx_done_event     nrf_drv_uart.o
    0x0001f4b8   0x0000005c   Code   RO           24    i.uart_event_handle  main.o
    0x0001f514   0x000000a8   Code   RO          870    i.uart_event_handler  app_uart_fifo.o
    0x0001f5bc   0x00000108   Code   RO         1238    i.uart_irq_handler  nrf_drv_uart.o
    0x0001f6c4   0x000000d8   Code   RO         1239    i.uarte_irq_handler  nrf_drv_uart.o
    0x0001f79c   0x0000000a   Code   RO          526    i.uint16_encode     ble_advdata.o
    0x0001f7a6   0x00000002   PAD
    0x0001f7a8   0x00000060   Code   RO          702    i.update_timeout_handler  ble_conn_params.o
    0x0001f808   0x00000044   Code   RO         2426    i.user_id_get       app_timer.o
    0x0001f84c   0x00000028   Code   RO         2427    i.user_op_alloc     app_timer.o
    0x0001f874   0x00000030   Code   RO          527    i.uuid_list_encode  ble_advdata.o
    0x0001f8a4   0x0000009e   Code   RO          528    i.uuid_list_sized_encode  ble_advdata.o
    0x0001f942   0x0000000e   Code   RO          618    i.whitelist_has_entries  ble_advertising.o
    0x0001f950   0x0000002c   Data   RO           26    .constdata          main.o
    0x0001f97c   0x0000003c   Data   RO          376    .constdata          bsp.o
    0x0001f9b8   0x00000004   Data   RO          705    .constdata          ble_conn_params.o
    0x0001f9bc   0x00000010   Data   RO          776    .constdata          ble_nus.o
    0x0001f9cc   0x00000020   Data   RO          872    .constdata          app_uart_fifo.o
    0x0001f9ec   0x00000020   Data   RO         1241    .constdata          nrf_drv_uart.o
    0x0001fa0c   0x00000008   Data   RO         1976    .constdata          nrf_drv_timer.o
    0x0001fa14   0x00000020   Data   RO         3161    Region$$Table       anon$$obj.o


    Execution Region RW_IRAM1 (Base: 0x20001f00, Size: 0x00002868, Max: 0x00006100, ABSOLUTE)

    Base Addr    Size         Type   Attr      Idx    E Section Name        Object

    0x20001f00   0x0000000a   Data   RW           27    .data               main.o
    0x20001f0a   0x00000002   PAD
    0x20001f0c   0x00000018   Data   RW          377    .data               bsp.o
    0x20001f24   0x00000008   Data   RW          479    .data               bsp_btn_ble.o
    0x20001f2c   0x0000001f   Data   RW          620    .data               ble_advertising.o
    0x20001f4b   0x00000001   PAD
    0x20001f4c   0x00000014   Data   RW          706    .data               ble_conn_params.o
    0x20001f60   0x00000008   Data   RW          873    .data               app_uart_fifo.o
    0x20001f68   0x00000024   Data   RW         1449    .data               pstorage.o
    0x20001f8c   0x00000008   Data   RW         1827    .data               nrf_drv_ppi.o
    0x20001f94   0x00000020   Data   RW         2428    .data               app_timer.o
    0x20001fb4   0x00000004   Data   RW         2681    .data               retarget.o
    0x20001fb8   0x00000014   Data   RW         2728    .data               softdevice_handler.o
    0x20001fcc   0x00000004   Data   RW         2817    .data               system_nrf52.o
    0x20001fd0   0x00000440   Zero   RW           25    .bss                main.o
    0x20002410   0x00000020   Zero   RW          372    .bss                bsp.o
    0x20002430   0x00000020   Zero   RW          373    .bss                bsp.o
    0x20002450   0x0000000c   Zero   RW          374    .bss                bsp.o
    0x2000245c   0x00000020   Zero   RW          375    .bss                bsp.o
    0x2000247c   0x00000103   Zero   RW          619    .bss                ble_advertising.o
    0x2000257f   0x00000001   PAD
    0x20002580   0x00000020   Zero   RW          703    .bss                ble_conn_params.o
    0x200025a0   0x0000001c   Zero   RW          704    .bss                ble_conn_params.o
    0x200025bc   0x00000020   Zero   RW          871    .bss                app_uart_fifo.o
    0x200025dc   0x00000058   Zero   RW         1042    .bss                nrf_drv_gpiote.o
    0x20002634   0x00000020   Zero   RW         1240    .bss                nrf_drv_uart.o
    0x20002654   0x000000d8   Zero   RW         1447    .bss                pstorage.o
    0x2000272c   0x0000002c   Zero   RW         1672    .bss                nrf_drv_saadc.o
    0x20002758   0x0000000c   Zero   RW         1975    .bss                nrf_drv_timer.o
    0x20002764   0x00000004   PAD
    0x20002768   0x00002000   Zero   RW         2805    STACK               arm_startup_nrf52.o


==============================================================================

Image component sizes


      Code (inc. data)   RO Data    RW Data    ZI Data      Debug   Object Name

        56         10          0          0          0      29458   app_error.o
       118          0          0          0          0       4286   app_fifo.o
      1772        100          0         32          0      49239   app_timer.o
       428         44         32          8         32      10606   app_uart_fifo.o
        36         10       1024          0       8192        872   arm_startup_nrf52.o
      1540          0          0          0          0      19468   ble_advdata.o
       934         30          0         31        259       7544   ble_advertising.o
       444         56          4         20         60      13244   ble_conn_params.o
       640          6         16          0          0       5798   ble_nus.o
       868         64         60         24        108      10978   bsp.o
       184          6          0          8          0       3918   bsp_btn_ble.o
      1434        178         44         10       1088     138874   main.o
        56          0          0          0          0      28827   nrf_drv_common.o
       954         82          0          0         88      22248   nrf_drv_gpiote.o
       454         50          0          8          0      42594   nrf_drv_ppi.o
       942         68          0          0         44      19576   nrf_drv_saadc.o
       336         22          8          0         12      14599   nrf_drv_timer.o
      1784        144         32          0         32      35363   nrf_drv_uart.o
        96          6          0          0          0       6261   nrf_saadc.o
        36          8          0         36        216      10329   pstorage.o
        14          0          0          4          0       2822   retarget.o
       294         38          0         20          0       9236   softdevice_handler.o
       604         42          0          4          0       2459   system_nrf52.o

    ----------------------------------------------------------------------
     14050        964       1252        208      10136     488599   Object Totals
         0          0         32          0          0          0   (incl. Generated)
        26          0          0          3          5          0   (incl. Padding)

    ----------------------------------------------------------------------

      Code (inc. data)   RO Data    RW Data    ZI Data      Debug   Library Member Name

         0          0          0          0          0          0   entry.o
         0          0          0          0          0          0   entry10a.o
         0          0          0          0          0          0   entry11a.o
         8          4          0          0          0          0   entry2.o
         4          0          0          0          0          0   entry5.o
         0          0          0          0          0          0   entry7b.o
         0          0          0          0          0          0   entry8b.o
         8          4          0          0          0          0   entry9a.o
        30          0          0          0          0          0   handlers.o
        36          8          0          0          0         68   init.o
         0          0          0          0          0          0   iusefp.o
        30          0          0          0          0         68   llshl.o
        36          0          0          0          0         68   llsshr.o
        32          0          0          0          0         68   llushr.o
        36          0          0          0          0         68   memcpya.o
        36          0          0          0          0        108   memseta.o
      2226         90          0          0          0        444   printfa.o
        44          0          0          0          0         80   uidiv.o
        98          0          0          0          0         92   uldiv.o
        48          0          0          0          0         68   cdrcmple.o
       334          0          0          0          0        148   dadd.o
       222          0          0          0          0        100   ddiv.o
       186          0          0          0          0        176   depilogue.o
        48          0          0          0          0         68   dfixul.o
       228          0          0          0          0         96   dmul.o

    ----------------------------------------------------------------------
      3694        106          0          0          0       1720   Library Totals
         4          0          0          0          0          0   (incl. Padding)

    ----------------------------------------------------------------------

      Code (inc. data)   RO Data    RW Data    ZI Data      Debug   Library Name

      2624        106          0          0          0       1064   mc_w.l
      1066          0          0          0          0        656   mf_w.l

    ----------------------------------------------------------------------
      3694        106          0          0          0       1720   Library Totals

    ----------------------------------------------------------------------

==============================================================================


      Code (inc. data)   RO Data    RW Data    ZI Data      Debug   

     17744       1070       1252        208      10136     474439   Grand Totals
     17744       1070       1252        208      10136     474439   ELF Image Totals
     17744       1070       1252        208          0          0   ROM Totals

==============================================================================

    Total RO  Size (Code + RO Data)                18996 (  18.55kB)
    Total RW  Size (RW Data + ZI Data)             10344 (  10.10kB)
    Total ROM Size (Code + RO Data + RW Data)      19204 (  18.75kB)

==============================================================================

